{"ts": "2026-07-15T17:43:30", "level": "INFO", "service": "lca_buildings-api", "env": "dev", "logger": "werkzeug", "request_id": "-", "msg": "WARNING: This is a development server. Do not use it in a production deployment. Use a production WSGI server instead.\n * Running on http://127.0.0.1:5000"}
{"ts": "2026-07-15T17:43:30", "level": "INFO", "service": "lca_buildings-api", "env": "dev", "logger": "werkzeug", "request_id": "-", "msg": "Press CTRL+C to quit"}
{"ts": "2026-07-15T17:44:13", "level": "INFO", "service": "lca_buildings-api", "env": "dev", "logger": "src.jug_lca_buildings.resources.emissions", "request_id": "6a73b2214fb2e608", "msg": "emissions_upload_request_received"}
{"ts": "2026-07-15T17:44:13", "level": "DEBUG", "service": "lca_buildings-api", "env": "dev", "logger": "src.jug_lca_buildings.life_cycle_assessment.input_geojson_content", "request_id": "6a73b2214fb2e608", "msg": "GeoJSON temporary file created."}
{"ts": "2026-07-15T17:44:13", "level": "INFO", "service": "lca_buildings-api", "env": "dev", "logger": "src.jug_lca_buildings.lca_carbon_workflow", "request_id": "6a73b2214fb2e608", "msg": "City input resolved to a temporary GeoJSON file."}
{"ts": "2026-07-15T17:44:13", "level": "DEBUG", "service": "lca_buildings-api", "env": "dev", "logger": "src.jug_lca_buildings.lca_carbon_workflow", "request_id": "6a73b2214fb2e608", "msg": "City input path: C:\\Users\\a_adli\\AppData\\Local\\Temp\\tmppddcvd2m.geojson"}
{"ts": "2026-07-15T17:44:13", "level": "INFO", "service": "lca_buildings-api", "env": "dev", "logger": "src.jug_lca_buildings.lca_carbon_workflow", "request_id": "6a73b2214fb2e608", "msg": "Calculation started..."}
{"ts": "2026-07-15T17:45:37", "level": "INFO", "service": "lca_buildings-api", "env": "dev", "logger": "src.jug_lca_buildings.lca_carbon_workflow", "request_id": "6a73b2214fb2e608", "msg": "City was created from C:\\Users\\a_adli\\AppData\\Local\\Temp\\tmppddcvd2m.geojson"}
{"ts": "2026-07-15T17:45:37", "level": "INFO", "service": "lca_buildings-api", "env": "dev", "logger": "src.jug_lca_buildings.lca_carbon_workflow", "request_id": "6a73b2214fb2e608", "msg": "City geometry parsing took 84.768s"}
{"ts": "2026-07-15T17:45:45", "level": "INFO", "service": "lca_buildings-api", "env": "dev", "logger": "src.jug_lca_buildings.lca_carbon_workflow", "request_id": "6a73b2214fb2e608", "msg": "Construction enrichment took 8.069s"}
{"ts": "2026-07-15T17:45:45", "level": "INFO", "service": "lca_buildings-api", "env": "dev", "logger": "src.jug_lca_buildings.lca_carbon_workflow", "request_id": "6a73b2214fb2e608", "msg": "There are 100 buildings in the city."}
{"ts": "2026-07-15T17:45:45", "level": "DEBUG", "service": "lca_buildings-api", "env": "dev", "logger": "src.jug_lca_buildings.lca_carbon_workflow", "request_id": "6a73b2214fb2e608", "msg": "City was enriched with construction data."}
{"ts": "2026-07-15T17:45:45", "level": "INFO", "service": "lca_buildings-api", "env": "dev", "logger": "src.jug_lca_buildings.lca_carbon_workflow", "request_id": "6a73b2214fb2e608", "msg": "Calculated emissions for all buildings are being exported."}
{"ts": "2026-07-15T17:45:45", "level": "INFO", "service": "lca_buildings-api", "env": "dev", "logger": "src.jug_lca_buildings.lca_carbon_workflow", "request_id": "6a73b2214fb2e608", "msg": "Building emissions progress: 1/100 (1.0%)"}
{"ts": "2026-07-15T17:45:47", "level": "INFO", "service": "lca_buildings-api", "env": "dev", "logger": "src.jug_lca_buildings.lca_carbon_workflow", "request_id": "6a73b2214fb2e608", "msg": "Building emissions progress: 100/100 (100.0%)"}
{"ts": "2026-07-15T17:45:47", "level": "INFO", "service": "lca_buildings-api", "env": "dev", "logger": "src.jug_lca_buildings.lca_carbon_workflow", "request_id": "6a73b2214fb2e608", "msg": "Building emissions calculation completed: 100 buildings in 1.983s (19.83 ms/building, 50.42 buildings/s)"}
{"ts": "2026-07-15T17:45:47", "level": "INFO", "service": "lca_buildings-api", "env": "dev", "logger": "src.jug_lca_buildings.lca_carbon_workflow", "request_id": "6a73b2214fb2e608", "msg": "Emission export payload prepared for 100 buildings in 1.984s"}
{"ts": "2026-07-15T17:45:47", "level": "INFO", "service": "lca_buildings-api", "env": "dev", "logger": "src.jug_lca_buildings.resources.emissions", "request_id": "6a73b2214fb2e608", "msg": "emissions_request_succeeded", "buildings": 100, "cache_hit": false, "request_hash": "15b4371e246e"}
{"ts": "2026-07-15T17:45:47", "level": "INFO", "service": "lca_buildings-api", "env": "dev", "logger": "src.jug_lca_buildings.resources.emissions", "request_id": "6a73b2214fb2e608", "msg": "emissions_report_export_succeeded", "format": "csv", "buildings": 100, "csv_cache_hit": false, "request_hash": "15b4371e246e"}
{"ts": "2026-07-15T17:45:47", "level": "INFO", "service": "lca_buildings-api", "env": "dev", "logger": "app", "request_id": "6a73b2214fb2e608", "msg": "http_request", "method": "POST", "path": "/emissions/upload", "status": 200, "latency_ms": 94941, "client_ip": "127.0.0.1"}
{"ts": "2026-07-15T17:45:47", "level": "INFO", "service": "lca_buildings-api", "env": "dev", "logger": "werkzeug", "request_id": "6a73b2214fb2e608", "msg": "127.0.0.1 - - [15/Jul/2026 13:45:47] \"POST /emissions/upload?export=csv HTTP/1.1\" 200 -"}
