{"ts": "2026-09-18T19:58:31", "level": "INFO", "service": "gis_cities-direct", "env": "dev", "logger": "jug_gis_cities.application.fsa_batch_runner", "request_id": "-", "msg": "Starting FSA batch. Component=mtl_fsa_gisoo Count=1 Mode=standardize MaxWorkers=1"}
{"ts": "2026-09-18T19:58:31", "level": "INFO", "service": "gis_cities-direct", "env": "dev", "logger": "jug_gis_cities.application.jug_gis_cities", "request_id": "-", "msg": "Starting isolated GIS city component. Component=mtl_fsa_gisoo Mode=standardize FSA=T1A"}
{"ts": "2026-09-18T19:58:31", "level": "INFO", "service": "gis_cities-direct", "env": "dev", "logger": "jug_gis_cities.application.jug_gis_cities", "request_id": "-", "msg": "Running GIS city component callable with FSA. Component=mtl_fsa_gisoo Callable=output_cleanup.cleanup_outputs FSA=T1A"}
{"ts": "2026-09-18T19:58:32", "level": "INFO", "service": "gis_cities-direct", "env": "dev", "logger": "jug_gis_cities.application.jug_gis_cities", "request_id": "-", "msg": "Initialized QGIS in disposable GIS component worker. Prefix=C:/QGIS_I~1/OSGeo4W/apps/qgis-ltr"}
{"ts": "2026-09-18T19:58:32", "level": "INFO", "service": "gis_cities-direct", "env": "dev", "logger": "jug_gis_cities.application.jug_gis_cities", "request_id": "-", "msg": "Starting GIS city component. Component=mtl_fsa_gisoo Mode=standardize FSA=T1A"}
{"ts": "2026-09-18T19:58:33", "level": "INFO", "service": "gis_cities-direct", "env": "dev", "logger": "jug_gis_cities.application.jug_gis_cities", "request_id": "-", "msg": "Running GIS city component callable with FSA. Component=mtl_fsa_gisoo Callable=workflow.run_workflow FSA=T1A"}
{"ts": "2026-09-18T19:58:33", "level": "INFO", "service": "gis_cities-direct", "env": "dev", "logger": "jug_gis_cities.mtl_fsa_gisoo.workflow", "request_id": "-", "msg": "Starting Montreal FSA GISOO workflow. FSA=T1A Output directory=D:/GIS/mtl_gisoo_fsa_data\\output_data\\T1A"}
{"ts": "2026-09-18T19:58:33", "level": "INFO", "service": "gis_cities-direct", "env": "dev", "logger": "jug_gis_cities.mtl_fsa_gisoo.workflow", "request_id": "-", "msg": "Starting Montreal T1A workflow step: prepare output folders."}
{"ts": "2026-09-18T19:58:33", "level": "INFO", "service": "gis_cities-direct", "env": "dev", "logger": "jug_gis_cities.mtl_fsa_gisoo.workflow", "request_id": "-", "msg": "Completed Montreal T1A workflow step: prepare output folders in 0.018s."}
{"ts": "2026-09-18T19:58:33", "level": "INFO", "service": "gis_cities-direct", "env": "dev", "logger": "jug_gis_cities.mtl_fsa_gisoo.workflow", "request_id": "-", "msg": "Starting Montreal T1A workflow step: load input layers."}
{"ts": "2026-09-18T19:58:33", "level": "INFO", "service": "gis_cities-direct", "env": "dev", "logger": "citygisoo.scrub_layer_class", "request_id": "-", "msg": "Loaded layer roll_mtl from D:/GIS/mtl_gisoo_fsa_data\\mock_data\\synthetic_assessment_role.gpkg."}
{"ts": "2026-09-18T19:58:33", "level": "INFO", "service": "gis_cities-direct", "env": "dev", "logger": "citygisoo.scrub_layer_class", "request_id": "-", "msg": "Loaded layer nrcan_mtl from D:/GIS/mtl_gisoo_fsa_data\\mock_data\\synthetic_auto_building.gpkg."}
{"ts": "2026-09-18T19:58:33", "level": "INFO", "service": "gis_cities-direct", "env": "dev", "logger": "citygisoo.scrub_layer_class", "request_id": "-", "msg": "Loaded layer nrcan_preserved_mtl from D:/GIS/mtl_gisoo_fsa_data\\mock_data\\synthetic_auto_building_preserved.gpkg."}
{"ts": "2026-09-18T19:58:33", "level": "INFO", "service": "gis_cities-direct", "env": "dev", "logger": "citygisoo.scrub_layer_class", "request_id": "-", "msg": "Loaded layer usage_mtl from D:/GIS/mtl_gisoo_fsa_data\\mock_data\\synthetic_predominant_uses.gpkg."}
{"ts": "2026-09-18T19:58:33", "level": "INFO", "service": "gis_cities-direct", "env": "dev", "logger": "citygisoo.scrub_layer_class", "request_id": "-", "msg": "Loaded layer usage_dup_mtl from D:/GIS/mtl_gisoo_fsa_data\\mock_data\\synthetic_predominant_uses_dup.gpkg."}
{"ts": "2026-09-18T19:58:34", "level": "INFO", "service": "gis_cities-direct", "env": "dev", "logger": "citygisoo.scrub_layer_class", "request_id": "-", "msg": "Loaded layer fsa_boundaries from D:/GIS/mtl_gisoo_fsa_data\\mock_data\\synthetic_fsa.gpkg."}
{"ts": "2026-09-18T19:58:34", "level": "INFO", "service": "gis_cities-direct", "env": "dev", "logger": "jug_gis_cities.mtl_fsa_gisoo.workflow", "request_id": "-", "msg": "The roll_mtl has 18 records."}
{"ts": "2026-09-18T19:58:34", "level": "INFO", "service": "gis_cities-direct", "env": "dev", "logger": "jug_gis_cities.mtl_fsa_gisoo.workflow", "request_id": "-", "msg": "The nrcan_mtl has 4 records."}
{"ts": "2026-09-18T19:58:34", "level": "INFO", "service": "gis_cities-direct", "env": "dev", "logger": "jug_gis_cities.mtl_fsa_gisoo.workflow", "request_id": "-", "msg": "The nrcan_preserved_mtl has 4 records."}
{"ts": "2026-09-18T19:58:34", "level": "INFO", "service": "gis_cities-direct", "env": "dev", "logger": "jug_gis_cities.mtl_fsa_gisoo.workflow", "request_id": "-", "msg": "The usage_mtl has 18 records."}
{"ts": "2026-09-18T19:58:34", "level": "INFO", "service": "gis_cities-direct", "env": "dev", "logger": "jug_gis_cities.mtl_fsa_gisoo.workflow", "request_id": "-", "msg": "The usage_dup_mtl has 18 records."}
{"ts": "2026-09-18T19:58:34", "level": "INFO", "service": "gis_cities-direct", "env": "dev", "logger": "jug_gis_cities.mtl_fsa_gisoo.workflow", "request_id": "-", "msg": "The fsa_boundaries has 2 records."}
{"ts": "2026-09-18T19:58:34", "level": "INFO", "service": "gis_cities-direct", "env": "dev", "logger": "jug_gis_cities.mtl_fsa_gisoo.workflow", "request_id": "-", "msg": "Completed Montreal T1A workflow step: load input layers in 0.820s."}
{"ts": "2026-09-18T19:58:34", "level": "INFO", "service": "gis_cities-direct", "env": "dev", "logger": "jug_gis_cities.mtl_fsa_gisoo.workflow", "request_id": "-", "msg": "Starting Montreal T1A workflow step: extract FSA boundary."}
{"ts": "2026-09-18T19:58:34", "level": "INFO", "service": "gis_cities-direct", "env": "dev", "logger": "citygisoo.scrub_layer_class", "request_id": "-", "msg": "Extracted features from fsa_boundaries where g_fsa = T1A into D:/GIS/mtl_gisoo_fsa_data\\output_data\\T1A\\fsa_boundary\\fsa_boundary.gpkg."}
{"ts": "2026-09-18T19:58:34", "level": "INFO", "service": "gis_cities-direct", "env": "dev", "logger": "citygisoo.scrub_layer_class", "request_id": "-", "msg": "Loaded layer fsa_boundary_T1A from D:/GIS/mtl_gisoo_fsa_data\\output_data\\T1A\\fsa_boundary\\fsa_boundary.gpkg."}
{"ts": "2026-09-18T19:58:34", "level": "INFO", "service": "gis_cities-direct", "env": "dev", "logger": "citygisoo.scrub_layer_class", "request_id": "-", "msg": "Creating spatial index for fsa_boundary_T1A is completed."}
{"ts": "2026-09-18T19:58:34", "level": "INFO", "service": "gis_cities-direct", "env": "dev", "logger": "jug_gis_cities.mtl_fsa_gisoo.workflow", "request_id": "-", "msg": "The fsa_boundary_T1A has 1 records."}
{"ts": "2026-09-18T19:58:34", "level": "INFO", "service": "gis_cities-direct", "env": "dev", "logger": "jug_gis_cities.mtl_fsa_gisoo.workflow", "request_id": "-", "msg": "Completed Montreal T1A workflow step: extract FSA boundary in 0.236s."}
{"ts": "2026-09-18T19:58:34", "level": "INFO", "service": "gis_cities-direct", "env": "dev", "logger": "jug_gis_cities.mtl_fsa_gisoo.workflow", "request_id": "-", "msg": "Starting Montreal T1A workflow step: clip input layers to FSA boundary."}
{"ts": "2026-09-18T19:58:34", "level": "INFO", "service": "gis_cities-direct", "env": "dev", "logger": "citygisoo.scrub_layer_class", "request_id": "-", "msg": "Clipping of nrcan_mtl is completed."}
{"ts": "2026-09-18T19:58:34", "level": "INFO", "service": "gis_cities-direct", "env": "dev", "logger": "citygisoo.scrub_layer_class", "request_id": "-", "msg": "Loaded layer nrcan_clipped_T1A from D:/GIS/mtl_gisoo_fsa_data\\output_data\\T1A\\nrcan\\nrcan.gpkg."}
{"ts": "2026-09-18T19:58:34", "level": "INFO", "service": "gis_cities-direct", "env": "dev", "logger": "citygisoo.scrub_layer_class", "request_id": "-", "msg": "Creating spatial index for nrcan_clipped_T1A is completed."}
{"ts": "2026-09-18T19:58:34", "level": "INFO", "service": "gis_cities-direct", "env": "dev", "logger": "jug_gis_cities.mtl_fsa_gisoo.workflow", "request_id": "-", "msg": "The nrcan_clipped_T1A has 2 records."}
{"ts": "2026-09-18T19:58:34", "level": "INFO", "service": "gis_cities-direct", "env": "dev", "logger": "citygisoo.scrub_layer_class", "request_id": "-", "msg": "Clipping of nrcan_preserved_mtl is completed."}
{"ts": "2026-09-18T19:58:34", "level": "INFO", "service": "gis_cities-direct", "env": "dev", "logger": "citygisoo.scrub_layer_class", "request_id": "-", "msg": "Loaded layer nrcan_preserved_T1A from D:/GIS/mtl_gisoo_fsa_data\\output_data\\T1A\\nrcan_preserved\\nrcan_preserved.gpkg."}
{"ts": "2026-09-18T19:58:34", "level": "INFO", "service": "gis_cities-direct", "env": "dev", "logger": "citygisoo.scrub_layer_class", "request_id": "-", "msg": "Creating spatial index for nrcan_preserved_T1A is completed."}
{"ts": "2026-09-18T19:58:34", "level": "INFO", "service": "gis_cities-direct", "env": "dev", "logger": "jug_gis_cities.mtl_fsa_gisoo.workflow", "request_id": "-", "msg": "The nrcan_preserved_T1A has 2 records."}
{"ts": "2026-09-18T19:58:34", "level": "INFO", "service": "gis_cities-direct", "env": "dev", "logger": "citygisoo.scrub_layer_class", "request_id": "-", "msg": "Clipping of roll_mtl is completed."}
{"ts": "2026-09-18T19:58:34", "level": "INFO", "service": "gis_cities-direct", "env": "dev", "logger": "citygisoo.scrub_layer_class", "request_id": "-", "msg": "Loaded layer roll_clipped_T1A from D:/GIS/mtl_gisoo_fsa_data\\output_data\\T1A\\roll\\roll.gpkg."}
{"ts": "2026-09-18T19:58:34", "level": "INFO", "service": "gis_cities-direct", "env": "dev", "logger": "citygisoo.scrub_layer_class", "request_id": "-", "msg": "Creating spatial index for roll_clipped_T1A is completed."}
{"ts": "2026-09-18T19:58:34", "level": "INFO", "service": "gis_cities-direct", "env": "dev", "logger": "jug_gis_cities.mtl_fsa_gisoo.workflow", "request_id": "-", "msg": "The roll_clipped_T1A has 13 records."}
{"ts": "2026-09-18T19:58:34", "level": "INFO", "service": "gis_cities-direct", "env": "dev", "logger": "citygisoo.scrub_layer_class", "request_id": "-", "msg": "Clipping of usage_mtl is completed."}
{"ts": "2026-09-18T19:58:34", "level": "INFO", "service": "gis_cities-direct", "env": "dev", "logger": "citygisoo.scrub_layer_class", "request_id": "-", "msg": "Loaded layer usage_clipped_T1A from D:/GIS/mtl_gisoo_fsa_data\\output_data\\T1A\\usage\\usage.gpkg."}
{"ts": "2026-09-18T19:58:34", "level": "INFO", "service": "gis_cities-direct", "env": "dev", "logger": "citygisoo.scrub_layer_class", "request_id": "-", "msg": "Creating spatial index for usage_clipped_T1A is completed."}
{"ts": "2026-09-18T19:58:34", "level": "INFO", "service": "gis_cities-direct", "env": "dev", "logger": "jug_gis_cities.mtl_fsa_gisoo.workflow", "request_id": "-", "msg": "The usage_clipped_T1A has 13 records."}
{"ts": "2026-09-18T19:58:34", "level": "INFO", "service": "gis_cities-direct", "env": "dev", "logger": "citygisoo.scrub_layer_class", "request_id": "-", "msg": "Clipping of usage_dup_mtl is completed."}
{"ts": "2026-09-18T19:58:34", "level": "INFO", "service": "gis_cities-direct", "env": "dev", "logger": "citygisoo.scrub_layer_class", "request_id": "-", "msg": "Loaded layer usage_dup_T1A from D:/GIS/mtl_gisoo_fsa_data\\output_data\\T1A\\usage_dup\\usage_dup.gpkg."}
{"ts": "2026-09-18T19:58:34", "level": "INFO", "service": "gis_cities-direct", "env": "dev", "logger": "citygisoo.scrub_layer_class", "request_id": "-", "msg": "Creating spatial index for usage_dup_T1A is completed."}
{"ts": "2026-09-18T19:58:34", "level": "INFO", "service": "gis_cities-direct", "env": "dev", "logger": "jug_gis_cities.mtl_fsa_gisoo.workflow", "request_id": "-", "msg": "The usage_dup_T1A has 13 records."}
{"ts": "2026-09-18T19:58:34", "level": "INFO", "service": "gis_cities-direct", "env": "dev", "logger": "jug_gis_cities.mtl_fsa_gisoo.workflow", "request_id": "-", "msg": "Completed Montreal T1A workflow step: clip input layers to FSA boundary in 0.437s."}
{"ts": "2026-09-18T19:58:34", "level": "INFO", "service": "gis_cities-direct", "env": "dev", "logger": "jug_gis_cities.mtl_fsa_gisoo.workflow", "request_id": "-", "msg": "Starting Montreal T1A workflow step: fix nrcan geometries."}
{"ts": "2026-09-18T19:58:34", "level": "INFO", "service": "gis_cities-direct", "env": "dev", "logger": "citygisoo.scrub_layer_class", "request_id": "-", "msg": "Fixed geometries for nrcan_clipped_T1A into D:/GIS/mtl_gisoo_fsa_data\\output_data\\T1A\\nrcan_fixed\\nrcan_fixed.gpkg."}
{"ts": "2026-09-18T19:58:34", "level": "INFO", "service": "gis_cities-direct", "env": "dev", "logger": "citygisoo.scrub_layer_class", "request_id": "-", "msg": "Loaded layer nrcan_fixed_T1A from D:/GIS/mtl_gisoo_fsa_data\\output_data\\T1A\\nrcan_fixed\\nrcan_fixed.gpkg."}
{"ts": "2026-09-18T19:58:34", "level": "INFO", "service": "gis_cities-direct", "env": "dev", "logger": "citygisoo.scrub_layer_class", "request_id": "-", "msg": "Creating spatial index for nrcan_fixed_T1A is completed."}
{"ts": "2026-09-18T19:58:34", "level": "INFO", "service": "gis_cities-direct", "env": "dev", "logger": "jug_gis_cities.mtl_fsa_gisoo.workflow", "request_id": "-", "msg": "The nrcan_fixed_T1A has 2 records."}
{"ts": "2026-09-18T19:58:34", "level": "INFO", "service": "gis_cities-direct", "env": "dev", "logger": "jug_gis_cities.mtl_fsa_gisoo.workflow", "request_id": "-", "msg": "Completed Montreal T1A workflow step: fix nrcan geometries in 0.084s."}
{"ts": "2026-09-18T19:58:34", "level": "INFO", "service": "gis_cities-direct", "env": "dev", "logger": "jug_gis_cities.mtl_fsa_gisoo.workflow", "request_id": "-", "msg": "Starting Montreal T1A workflow step: assign nrcan area field."}
{"ts": "2026-09-18T19:58:34", "level": "WARNING", "service": "gis_cities-direct", "env": "dev", "logger": "py.warnings", "request_id": "-", "msg": "C:\\QGIS_I~1\\OSGeo4W\\apps\\Python312\\Lib\\site-packages\\citygisoo\\geopackage_feature_processor.py:264: DeprecationWarning: QgsField constructor is deprecated\n  return QgsField(\n"}
{"ts": "2026-09-18T19:58:34", "level": "INFO", "service": "gis_cities-direct", "env": "dev", "logger": "citygisoo.geopackage_feature_processor", "request_id": "-", "msg": "Assigned Python-calculated values to field nrcan_area on nrcan_fixed_T1A for 2 features."}
{"ts": "2026-09-18T19:58:34", "level": "INFO", "service": "gis_cities-direct", "env": "dev", "logger": "jug_gis_cities.mtl_fsa_gisoo.workflow", "request_id": "-", "msg": "Completed Montreal T1A workflow step: assign nrcan area field in 0.025s."}
{"ts": "2026-09-18T19:58:34", "level": "INFO", "service": "gis_cities-direct", "env": "dev", "logger": "jug_gis_cities.mtl_fsa_gisoo.workflow", "request_id": "-", "msg": "Starting Montreal T1A workflow step: fix nrcan preserved geometries."}
{"ts": "2026-09-18T19:58:34", "level": "INFO", "service": "gis_cities-direct", "env": "dev", "logger": "citygisoo.scrub_layer_class", "request_id": "-", "msg": "Fixed geometries for nrcan_preserved_T1A into D:/GIS/mtl_gisoo_fsa_data\\output_data\\T1A\\nrcan_preserved_fixed\\nrcan_preserved_fixed.gpkg."}
{"ts": "2026-09-18T19:58:34", "level": "INFO", "service": "gis_cities-direct", "env": "dev", "logger": "citygisoo.scrub_layer_class", "request_id": "-", "msg": "Loaded layer nrcan_preserved_fixed_T1A from D:/GIS/mtl_gisoo_fsa_data\\output_data\\T1A\\nrcan_preserved_fixed\\nrcan_preserved_fixed.gpkg."}
{"ts": "2026-09-18T19:58:34", "level": "INFO", "service": "gis_cities-direct", "env": "dev", "logger": "citygisoo.scrub_layer_class", "request_id": "-", "msg": "Creating spatial index for nrcan_preserved_fixed_T1A is completed."}
{"ts": "2026-09-18T19:58:34", "level": "INFO", "service": "gis_cities-direct", "env": "dev", "logger": "jug_gis_cities.mtl_fsa_gisoo.workflow", "request_id": "-", "msg": "The nrcan_preserved_fixed_T1A has 2 records."}
{"ts": "2026-09-18T19:58:34", "level": "INFO", "service": "gis_cities-direct", "env": "dev", "logger": "jug_gis_cities.mtl_fsa_gisoo.workflow", "request_id": "-", "msg": "Completed Montreal T1A workflow step: fix nrcan preserved geometries in 0.087s."}
{"ts": "2026-09-18T19:58:34", "level": "INFO", "service": "gis_cities-direct", "env": "dev", "logger": "jug_gis_cities.mtl_fsa_gisoo.workflow", "request_id": "-", "msg": "Starting Montreal T1A workflow step: assign nrcan preserved area field."}
{"ts": "2026-09-18T19:58:34", "level": "INFO", "service": "gis_cities-direct", "env": "dev", "logger": "citygisoo.geopackage_feature_processor", "request_id": "-", "msg": "Assigned Python-calculated values to field nrcan_area on nrcan_preserved_fixed_T1A for 2 features."}
{"ts": "2026-09-18T19:58:34", "level": "INFO", "service": "gis_cities-direct", "env": "dev", "logger": "jug_gis_cities.mtl_fsa_gisoo.workflow", "request_id": "-", "msg": "Completed Montreal T1A workflow step: assign nrcan preserved area field in 0.016s."}
{"ts": "2026-09-18T19:58:34", "level": "INFO", "service": "gis_cities-direct", "env": "dev", "logger": "jug_gis_cities.mtl_fsa_gisoo.workflow", "request_id": "-", "msg": "Starting Montreal T1A workflow step: fix usage geometries."}
{"ts": "2026-09-18T19:58:34", "level": "INFO", "service": "gis_cities-direct", "env": "dev", "logger": "citygisoo.scrub_layer_class", "request_id": "-", "msg": "Fixed geometries for usage_clipped_T1A into D:/GIS/mtl_gisoo_fsa_data\\output_data\\T1A\\usage_fixed\\usage_fixed.gpkg."}
{"ts": "2026-09-18T19:58:34", "level": "INFO", "service": "gis_cities-direct", "env": "dev", "logger": "citygisoo.scrub_layer_class", "request_id": "-", "msg": "Loaded layer usage_fixed_T1A from D:/GIS/mtl_gisoo_fsa_data\\output_data\\T1A\\usage_fixed\\usage_fixed.gpkg."}
{"ts": "2026-09-18T19:58:35", "level": "INFO", "service": "gis_cities-direct", "env": "dev", "logger": "citygisoo.scrub_layer_class", "request_id": "-", "msg": "Creating spatial index for usage_fixed_T1A is completed."}
{"ts": "2026-09-18T19:58:35", "level": "INFO", "service": "gis_cities-direct", "env": "dev", "logger": "jug_gis_cities.mtl_fsa_gisoo.workflow", "request_id": "-", "msg": "The usage_fixed_T1A has 13 records."}
{"ts": "2026-09-18T19:58:35", "level": "INFO", "service": "gis_cities-direct", "env": "dev", "logger": "jug_gis_cities.mtl_fsa_gisoo.workflow", "request_id": "-", "msg": "Completed Montreal T1A workflow step: fix usage geometries in 0.083s."}
{"ts": "2026-09-18T19:58:35", "level": "INFO", "service": "gis_cities-direct", "env": "dev", "logger": "jug_gis_cities.mtl_fsa_gisoo.workflow", "request_id": "-", "msg": "Starting Montreal T1A workflow step: fix usage duplicate geometries."}
{"ts": "2026-09-18T19:58:35", "level": "INFO", "service": "gis_cities-direct", "env": "dev", "logger": "citygisoo.scrub_layer_class", "request_id": "-", "msg": "Fixed geometries for usage_dup_T1A into D:/GIS/mtl_gisoo_fsa_data\\output_data\\T1A\\usage_dup_fixed\\usage_dup_fixed.gpkg."}
{"ts": "2026-09-18T19:58:35", "level": "INFO", "service": "gis_cities-direct", "env": "dev", "logger": "citygisoo.scrub_layer_class", "request_id": "-", "msg": "Loaded layer usage_dup_fixed_T1A from D:/GIS/mtl_gisoo_fsa_data\\output_data\\T1A\\usage_dup_fixed\\usage_dup_fixed.gpkg."}
{"ts": "2026-09-18T19:58:35", "level": "INFO", "service": "gis_cities-direct", "env": "dev", "logger": "citygisoo.scrub_layer_class", "request_id": "-", "msg": "Creating spatial index for usage_dup_fixed_T1A is completed."}
{"ts": "2026-09-18T19:58:35", "level": "INFO", "service": "gis_cities-direct", "env": "dev", "logger": "jug_gis_cities.mtl_fsa_gisoo.workflow", "request_id": "-", "msg": "The usage_dup_fixed_T1A has 13 records."}
{"ts": "2026-09-18T19:58:35", "level": "INFO", "service": "gis_cities-direct", "env": "dev", "logger": "jug_gis_cities.mtl_fsa_gisoo.workflow", "request_id": "-", "msg": "Completed Montreal T1A workflow step: fix usage duplicate geometries in 0.083s."}
{"ts": "2026-09-18T19:58:35", "level": "INFO", "service": "gis_cities-direct", "env": "dev", "logger": "jug_gis_cities.mtl_fsa_gisoo.workflow", "request_id": "-", "msg": "Starting Montreal T1A workflow step: extract usage records missing from roll."}
{"ts": "2026-09-18T19:58:35", "level": "INFO", "service": "gis_cities-direct", "env": "dev", "logger": "citygisoo.geopackage_feature_processor", "request_id": "-", "msg": "Extracted 0 features from usage_fixed_T1A by membership of g_id_provi in roll_clipped_T1A.id_provinc."}
{"ts": "2026-09-18T19:58:35", "level": "INFO", "service": "gis_cities-direct", "env": "dev", "logger": "citygisoo.geopackage_feature_processor", "request_id": "-", "msg": "Wrote 0 features from usage_fixed_T1A to D:/GIS/mtl_gisoo_fsa_data\\output_data\\T1A\\usage_margin_san\\usage_margin_san.gpkg."}
{"ts": "2026-09-18T19:58:35", "level": "INFO", "service": "gis_cities-direct", "env": "dev", "logger": "citygisoo.scrub_layer_class", "request_id": "-", "msg": "Loaded layer usage_margin_san_T1A from D:/GIS/mtl_gisoo_fsa_data\\output_data\\T1A\\usage_margin_san\\usage_margin_san.gpkg."}
{"ts": "2026-09-18T19:58:35", "level": "INFO", "service": "gis_cities-direct", "env": "dev", "logger": "citygisoo.scrub_layer_class", "request_id": "-", "msg": "Creating spatial index for usage_margin_san_T1A is completed."}
{"ts": "2026-09-18T19:58:35", "level": "INFO", "service": "gis_cities-direct", "env": "dev", "logger": "jug_gis_cities.mtl_fsa_gisoo.workflow", "request_id": "-", "msg": "The usage_margin_san_T1A has 0 records."}
{"ts": "2026-09-18T19:58:35", "level": "INFO", "service": "gis_cities-direct", "env": "dev", "logger": "jug_gis_cities.mtl_fsa_gisoo.workflow", "request_id": "-", "msg": "Completed Montreal T1A workflow step: extract usage records missing from roll in 0.092s."}
{"ts": "2026-09-18T19:58:35", "level": "INFO", "service": "gis_cities-direct", "env": "dev", "logger": "jug_gis_cities.mtl_fsa_gisoo.workflow", "request_id": "-", "msg": "Starting Montreal T1A workflow step: difference usage with usage margin san."}
{"ts": "2026-09-18T19:58:35", "level": "INFO", "service": "gis_cities-direct", "env": "dev", "logger": "citygisoo.scrub_layer_class", "request_id": "-", "msg": "Difference of usage_clipped_T1A with overlay D:/GIS/mtl_gisoo_fsa_data\\output_data\\T1A\\usage_margin_san\\usage_margin_san.gpkg is completed into D:/GIS/mtl_gisoo_fsa_data\\output_data\\T1A\\usage_clean\\usage_clean.gpkg."}
{"ts": "2026-09-18T19:58:35", "level": "INFO", "service": "gis_cities-direct", "env": "dev", "logger": "citygisoo.scrub_layer_class", "request_id": "-", "msg": "Loaded layer usage_clean_T1A from D:/GIS/mtl_gisoo_fsa_data\\output_data\\T1A\\usage_clean\\usage_clean.gpkg."}
{"ts": "2026-09-18T19:58:35", "level": "INFO", "service": "gis_cities-direct", "env": "dev", "logger": "citygisoo.scrub_layer_class", "request_id": "-", "msg": "Creating spatial index for usage_clean_T1A is completed."}
{"ts": "2026-09-18T19:58:35", "level": "INFO", "service": "gis_cities-direct", "env": "dev", "logger": "jug_gis_cities.mtl_fsa_gisoo.workflow", "request_id": "-", "msg": "The usage_clean_T1A has 13 records."}
{"ts": "2026-09-18T19:58:35", "level": "INFO", "service": "gis_cities-direct", "env": "dev", "logger": "jug_gis_cities.mtl_fsa_gisoo.workflow", "request_id": "-", "msg": "Completed Montreal T1A workflow step: difference usage with usage margin san in 0.085s."}
{"ts": "2026-09-18T19:58:35", "level": "INFO", "service": "gis_cities-direct", "env": "dev", "logger": "jug_gis_cities.mtl_fsa_gisoo.workflow", "request_id": "-", "msg": "Starting Montreal T1A workflow step: extract usage margin records with provincial id."}
{"ts": "2026-09-18T19:58:35", "level": "INFO", "service": "gis_cities-direct", "env": "dev", "logger": "citygisoo.geopackage_feature_processor", "request_id": "-", "msg": "Wrote 0 features from usage_margin_san_T1A to D:/GIS/mtl_gisoo_fsa_data\\output_data\\T1A\\usage_margin\\usage_margin.gpkg."}
{"ts": "2026-09-18T19:58:35", "level": "INFO", "service": "gis_cities-direct", "env": "dev", "logger": "citygisoo.scrub_layer_class", "request_id": "-", "msg": "Loaded layer usage_margin_T1A from D:/GIS/mtl_gisoo_fsa_data\\output_data\\T1A\\usage_margin\\usage_margin.gpkg."}
{"ts": "2026-09-18T19:58:35", "level": "INFO", "service": "gis_cities-direct", "env": "dev", "logger": "citygisoo.scrub_layer_class", "request_id": "-", "msg": "Creating spatial index for usage_margin_T1A is completed."}
{"ts": "2026-09-18T19:58:35", "level": "INFO", "service": "gis_cities-direct", "env": "dev", "logger": "jug_gis_cities.mtl_fsa_gisoo.workflow", "request_id": "-", "msg": "The usage_margin_T1A has 0 records."}
{"ts": "2026-09-18T19:58:35", "level": "INFO", "service": "gis_cities-direct", "env": "dev", "logger": "jug_gis_cities.mtl_fsa_gisoo.workflow", "request_id": "-", "msg": "Completed Montreal T1A workflow step: extract usage margin records with provincial id in 0.090s."}
{"ts": "2026-09-18T19:58:35", "level": "INFO", "service": "gis_cities-direct", "env": "dev", "logger": "jug_gis_cities.mtl_fsa_gisoo.workflow", "request_id": "-", "msg": "Starting Montreal T1A workflow step: assign usage margin area field."}
{"ts": "2026-09-18T19:58:35", "level": "INFO", "service": "gis_cities-direct", "env": "dev", "logger": "citygisoo.geopackage_feature_processor", "request_id": "-", "msg": "Assigned Python-calculated values to field area_ex on usage_margin_T1A for 0 features."}
{"ts": "2026-09-18T19:58:35", "level": "INFO", "service": "gis_cities-direct", "env": "dev", "logger": "jug_gis_cities.mtl_fsa_gisoo.workflow", "request_id": "-", "msg": "Completed Montreal T1A workflow step: assign usage margin area field in 0.012s."}
{"ts": "2026-09-18T19:58:35", "level": "INFO", "service": "gis_cities-direct", "env": "dev", "logger": "jug_gis_cities.mtl_fsa_gisoo.workflow", "request_id": "-", "msg": "Starting Montreal T1A workflow step: extract usage-only records by area."}
{"ts": "2026-09-18T19:58:35", "level": "INFO", "service": "gis_cities-direct", "env": "dev", "logger": "citygisoo.geopackage_feature_processor", "request_id": "-", "msg": "Wrote 0 features from usage_margin_T1A to D:/GIS/mtl_gisoo_fsa_data\\output_data\\T1A\\usage_only\\usage_only.gpkg."}
{"ts": "2026-09-18T19:58:35", "level": "INFO", "service": "gis_cities-direct", "env": "dev", "logger": "citygisoo.scrub_layer_class", "request_id": "-", "msg": "Loaded layer usage_only_T1A from D:/GIS/mtl_gisoo_fsa_data\\output_data\\T1A\\usage_only\\usage_only.gpkg."}
{"ts": "2026-09-18T19:58:35", "level": "INFO", "service": "gis_cities-direct", "env": "dev", "logger": "citygisoo.scrub_layer_class", "request_id": "-", "msg": "Creating spatial index for usage_only_T1A is completed."}
{"ts": "2026-09-18T19:58:35", "level": "INFO", "service": "gis_cities-direct", "env": "dev", "logger": "jug_gis_cities.mtl_fsa_gisoo.workflow", "request_id": "-", "msg": "The usage_only_T1A has 0 records."}
{"ts": "2026-09-18T19:58:35", "level": "INFO", "service": "gis_cities-direct", "env": "dev", "logger": "jug_gis_cities.mtl_fsa_gisoo.workflow", "request_id": "-", "msg": "Completed Montreal T1A workflow step: extract usage-only records by area in 0.071s."}
{"ts": "2026-09-18T19:58:35", "level": "INFO", "service": "gis_cities-direct", "env": "dev", "logger": "jug_gis_cities.mtl_fsa_gisoo.workflow", "request_id": "-", "msg": "Starting Montreal T1A workflow step: extract roll records missing from usage."}
{"ts": "2026-09-18T19:58:35", "level": "INFO", "service": "gis_cities-direct", "env": "dev", "logger": "citygisoo.geopackage_feature_processor", "request_id": "-", "msg": "Extracted 0 features from roll_clipped_T1A by membership of id_provinc in usage_clipped_T1A.g_id_provi."}
{"ts": "2026-09-18T19:58:35", "level": "INFO", "service": "gis_cities-direct", "env": "dev", "logger": "citygisoo.geopackage_feature_processor", "request_id": "-", "msg": "Wrote 0 features from roll_clipped_T1A to D:/GIS/mtl_gisoo_fsa_data\\output_data\\T1A\\roll_only\\roll_only.gpkg."}
{"ts": "2026-09-18T19:58:35", "level": "INFO", "service": "gis_cities-direct", "env": "dev", "logger": "citygisoo.scrub_layer_class", "request_id": "-", "msg": "Loaded layer roll_only_T1A from D:/GIS/mtl_gisoo_fsa_data\\output_data\\T1A\\roll_only\\roll_only.gpkg."}
{"ts": "2026-09-18T19:58:35", "level": "INFO", "service": "gis_cities-direct", "env": "dev", "logger": "citygisoo.scrub_layer_class", "request_id": "-", "msg": "Creating spatial index for roll_only_T1A is completed."}
{"ts": "2026-09-18T19:58:35", "level": "INFO", "service": "gis_cities-direct", "env": "dev", "logger": "jug_gis_cities.mtl_fsa_gisoo.workflow", "request_id": "-", "msg": "The roll_only_T1A has 0 records."}
{"ts": "2026-09-18T19:58:35", "level": "INFO", "service": "gis_cities-direct", "env": "dev", "logger": "jug_gis_cities.mtl_fsa_gisoo.workflow", "request_id": "-", "msg": "Completed Montreal T1A workflow step: extract roll records missing from usage in 0.112s."}
{"ts": "2026-09-18T19:58:35", "level": "INFO", "service": "gis_cities-direct", "env": "dev", "logger": "jug_gis_cities.mtl_fsa_gisoo.workflow", "request_id": "-", "msg": "Starting Montreal T1A workflow step: spatial join usage with roll-only."}
{"ts": "2026-09-18T19:58:35", "level": "INFO", "service": "gis_cities-direct", "env": "dev", "logger": "citygisoo.scrub_layer_class", "request_id": "-", "msg": "Spatial join with input layer usage_clipped_T1A, predicate contains, method one-to-many, and prefix ro_ is completed."}
{"ts": "2026-09-18T19:58:35", "level": "INFO", "service": "gis_cities-direct", "env": "dev", "logger": "citygisoo.scrub_layer_class", "request_id": "-", "msg": "Loaded layer usage_roll_only_all_T1A from D:/GIS/mtl_gisoo_fsa_data\\output_data\\T1A\\usage_roll_only_all\\usage_roll_only_all.gpkg."}
{"ts": "2026-09-18T19:58:35", "level": "INFO", "service": "gis_cities-direct", "env": "dev", "logger": "citygisoo.scrub_layer_class", "request_id": "-", "msg": "Creating spatial index for usage_roll_only_all_T1A is completed."}
{"ts": "2026-09-18T19:58:35", "level": "INFO", "service": "gis_cities-direct", "env": "dev", "logger": "jug_gis_cities.mtl_fsa_gisoo.workflow", "request_id": "-", "msg": "The usage_roll_only_all_T1A has 13 records."}
{"ts": "2026-09-18T19:58:35", "level": "INFO", "service": "gis_cities-direct", "env": "dev", "logger": "jug_gis_cities.mtl_fsa_gisoo.workflow", "request_id": "-", "msg": "Completed Montreal T1A workflow step: spatial join usage with roll-only in 0.093s."}
{"ts": "2026-09-18T19:58:35", "level": "INFO", "service": "gis_cities-direct", "env": "dev", "logger": "jug_gis_cities.mtl_fsa_gisoo.workflow", "request_id": "-", "msg": "Starting Montreal T1A workflow step: extract usage-roll-only matched records."}
{"ts": "2026-09-18T19:58:35", "level": "INFO", "service": "gis_cities-direct", "env": "dev", "logger": "citygisoo.geopackage_feature_processor", "request_id": "-", "msg": "Wrote 0 features from usage_roll_only_all_T1A to D:/GIS/mtl_gisoo_fsa_data\\output_data\\T1A\\usage_roll_only\\usage_roll_only.gpkg."}
{"ts": "2026-09-18T19:58:35", "level": "INFO", "service": "gis_cities-direct", "env": "dev", "logger": "citygisoo.scrub_layer_class", "request_id": "-", "msg": "Loaded layer usage_roll_only_T1A from D:/GIS/mtl_gisoo_fsa_data\\output_data\\T1A\\usage_roll_only\\usage_roll_only.gpkg."}
{"ts": "2026-09-18T19:58:35", "level": "INFO", "service": "gis_cities-direct", "env": "dev", "logger": "citygisoo.scrub_layer_class", "request_id": "-", "msg": "Creating spatial index for usage_roll_only_T1A is completed."}
{"ts": "2026-09-18T19:58:35", "level": "INFO", "service": "gis_cities-direct", "env": "dev", "logger": "jug_gis_cities.mtl_fsa_gisoo.workflow", "request_id": "-", "msg": "The usage_roll_only_T1A has 0 records."}
{"ts": "2026-09-18T19:58:35", "level": "INFO", "service": "gis_cities-direct", "env": "dev", "logger": "jug_gis_cities.mtl_fsa_gisoo.workflow", "request_id": "-", "msg": "Completed Montreal T1A workflow step: extract usage-roll-only matched records in 0.123s."}
{"ts": "2026-09-18T19:58:35", "level": "INFO", "service": "gis_cities-direct", "env": "dev", "logger": "jug_gis_cities.mtl_fsa_gisoo.workflow", "request_id": "-", "msg": "Starting Montreal T1A workflow step: extract unique usage-roll-only records."}
{"ts": "2026-09-18T19:58:35", "level": "INFO", "service": "gis_cities-direct", "env": "dev", "logger": "citygisoo.geopackage_feature_processor", "request_id": "-", "msg": "Wrote 0 features from usage_roll_only_T1A to D:/GIS/mtl_gisoo_fsa_data\\output_data\\T1A\\usage_roll_only_unique\\usage_roll_only_unique.gpkg."}
{"ts": "2026-09-18T19:58:35", "level": "INFO", "service": "gis_cities-direct", "env": "dev", "logger": "citygisoo.scrub_layer_class", "request_id": "-", "msg": "Loaded layer usage_roll_only_unique_T1A from D:/GIS/mtl_gisoo_fsa_data\\output_data\\T1A\\usage_roll_only_unique\\usage_roll_only_unique.gpkg."}
{"ts": "2026-09-18T19:58:35", "level": "INFO", "service": "gis_cities-direct", "env": "dev", "logger": "citygisoo.scrub_layer_class", "request_id": "-", "msg": "Creating spatial index for usage_roll_only_unique_T1A is completed."}
{"ts": "2026-09-18T19:58:35", "level": "INFO", "service": "gis_cities-direct", "env": "dev", "logger": "jug_gis_cities.mtl_fsa_gisoo.workflow", "request_id": "-", "msg": "The usage_roll_only_unique_T1A has 0 records."}
{"ts": "2026-09-18T19:58:35", "level": "INFO", "service": "gis_cities-direct", "env": "dev", "logger": "jug_gis_cities.mtl_fsa_gisoo.workflow", "request_id": "-", "msg": "Completed Montreal T1A workflow step: extract unique usage-roll-only records in 0.123s."}
{"ts": "2026-09-18T19:58:35", "level": "INFO", "service": "gis_cities-direct", "env": "dev", "logger": "jug_gis_cities.mtl_fsa_gisoo.workflow", "request_id": "-", "msg": "Starting Montreal T1A workflow step: difference roll with roll-only."}
{"ts": "2026-09-18T19:58:35", "level": "INFO", "service": "gis_cities-direct", "env": "dev", "logger": "citygisoo.scrub_layer_class", "request_id": "-", "msg": "Difference of roll_clipped_T1A with overlay D:/GIS/mtl_gisoo_fsa_data\\output_data\\T1A\\roll_only\\roll_only.gpkg is completed into D:/GIS/mtl_gisoo_fsa_data\\output_data\\T1A\\roll_clean\\roll_clean.gpkg."}
{"ts": "2026-09-18T19:58:35", "level": "INFO", "service": "gis_cities-direct", "env": "dev", "logger": "citygisoo.scrub_layer_class", "request_id": "-", "msg": "Loaded layer roll_clean_T1A from D:/GIS/mtl_gisoo_fsa_data\\output_data\\T1A\\roll_clean\\roll_clean.gpkg."}
{"ts": "2026-09-18T19:58:35", "level": "INFO", "service": "gis_cities-direct", "env": "dev", "logger": "citygisoo.scrub_layer_class", "request_id": "-", "msg": "Creating spatial index for roll_clean_T1A is completed."}
{"ts": "2026-09-18T19:58:35", "level": "INFO", "service": "gis_cities-direct", "env": "dev", "logger": "jug_gis_cities.mtl_fsa_gisoo.workflow", "request_id": "-", "msg": "The roll_clean_T1A has 13 records."}
{"ts": "2026-09-18T19:58:35", "level": "INFO", "service": "gis_cities-direct", "env": "dev", "logger": "jug_gis_cities.mtl_fsa_gisoo.workflow", "request_id": "-", "msg": "Completed Montreal T1A workflow step: difference roll with roll-only in 0.086s."}
{"ts": "2026-09-18T19:58:35", "level": "INFO", "service": "gis_cities-direct", "env": "dev", "logger": "jug_gis_cities.mtl_fsa_gisoo.workflow", "request_id": "-", "msg": "Starting Montreal T1A workflow step: duplicate roll provincial id field."}
{"ts": "2026-09-18T19:58:35", "level": "WARNING", "service": "gis_cities-direct", "env": "dev", "logger": "py.warnings", "request_id": "-", "msg": "C:\\QGIS_I~1\\OSGeo4W\\apps\\Python312\\Lib\\site-packages\\citygisoo\\scrub_layer_class.py:1310: DeprecationWarning: QgsField constructor is deprecated\n  new_field = QgsField(target_field, QVariant.String, len=field_length)\n"}
{"ts": "2026-09-18T19:58:35", "level": "INFO", "service": "gis_cities-direct", "env": "dev", "logger": "citygisoo.scrub_layer_class", "request_id": "-", "msg": "Copied 13 values from id_provinc to text field r_id_provinc on roll_clean_T1A."}
{"ts": "2026-09-18T19:58:35", "level": "INFO", "service": "gis_cities-direct", "env": "dev", "logger": "jug_gis_cities.mtl_fsa_gisoo.workflow", "request_id": "-", "msg": "Completed Montreal T1A workflow step: duplicate roll provincial id field in 0.018s."}
{"ts": "2026-09-18T19:58:35", "level": "INFO", "service": "gis_cities-direct", "env": "dev", "logger": "jug_gis_cities.mtl_fsa_gisoo.workflow", "request_id": "-", "msg": "Starting Montreal T1A workflow step: join usage clean with roll clean."}
{"ts": "2026-09-18T19:58:36", "level": "INFO", "service": "gis_cities-direct", "env": "dev", "logger": "citygisoo.scrub_layer_class", "request_id": "-", "msg": "Field join of usage_clean_T1A with input layer roll_clean_T1A is completed."}
{"ts": "2026-09-18T19:58:36", "level": "INFO", "service": "gis_cities-direct", "env": "dev", "logger": "citygisoo.scrub_layer_class", "request_id": "-", "msg": "Loaded layer usage_roll_T1A from D:/GIS/mtl_gisoo_fsa_data\\output_data\\T1A\\usage_roll\\usage_roll.gpkg."}
{"ts": "2026-09-18T19:58:36", "level": "INFO", "service": "gis_cities-direct", "env": "dev", "logger": "citygisoo.scrub_layer_class", "request_id": "-", "msg": "Creating spatial index for usage_roll_T1A is completed."}
{"ts": "2026-09-18T19:58:36", "level": "INFO", "service": "gis_cities-direct", "env": "dev", "logger": "jug_gis_cities.mtl_fsa_gisoo.workflow", "request_id": "-", "msg": "The usage_roll_T1A has 13 records."}
{"ts": "2026-09-18T19:58:36", "level": "INFO", "service": "gis_cities-direct", "env": "dev", "logger": "jug_gis_cities.mtl_fsa_gisoo.workflow", "request_id": "-", "msg": "Completed Montreal T1A workflow step: join usage clean with roll clean in 0.126s."}
{"ts": "2026-09-18T19:58:36", "level": "INFO", "service": "gis_cities-direct", "env": "dev", "logger": "jug_gis_cities.mtl_fsa_gisoo.workflow", "request_id": "-", "msg": "Starting Montreal T1A workflow step: merge usage roll layers."}
{"ts": "2026-09-18T19:58:36", "level": "INFO", "service": "gis_cities-direct", "env": "dev", "logger": "citygisoo.scrub_layer_class", "request_id": "-", "msg": "Merged 3 explicit layers into D:/GIS/mtl_gisoo_fsa_data\\output_data\\T1A\\usage_roll_all\\usage_roll_all.gpkg."}
{"ts": "2026-09-18T19:58:36", "level": "INFO", "service": "gis_cities-direct", "env": "dev", "logger": "citygisoo.scrub_layer_class", "request_id": "-", "msg": "Loaded layer usage_roll_all_T1A from D:/GIS/mtl_gisoo_fsa_data\\output_data\\T1A\\usage_roll_all\\usage_roll_all.gpkg."}
{"ts": "2026-09-18T19:58:36", "level": "INFO", "service": "gis_cities-direct", "env": "dev", "logger": "citygisoo.scrub_layer_class", "request_id": "-", "msg": "Creating spatial index for usage_roll_all_T1A is completed."}
{"ts": "2026-09-18T19:58:36", "level": "INFO", "service": "gis_cities-direct", "env": "dev", "logger": "jug_gis_cities.mtl_fsa_gisoo.workflow", "request_id": "-", "msg": "The usage_roll_all_T1A has 13 records."}
{"ts": "2026-09-18T19:58:36", "level": "INFO", "service": "gis_cities-direct", "env": "dev", "logger": "jug_gis_cities.mtl_fsa_gisoo.workflow", "request_id": "-", "msg": "Completed Montreal T1A workflow step: merge usage roll layers in 0.122s."}
{"ts": "2026-09-18T19:58:36", "level": "INFO", "service": "gis_cities-direct", "env": "dev", "logger": "jug_gis_cities.mtl_fsa_gisoo.workflow", "request_id": "-", "msg": "Starting Montreal T1A workflow step: assign usage roll uuid field."}
{"ts": "2026-09-18T19:58:36", "level": "INFO", "service": "gis_cities-direct", "env": "dev", "logger": "citygisoo.scrub_layer_class", "request_id": "-", "msg": "Assigned expression values to field usage_roll_id on usage_roll_all_T1A for 13 features."}
{"ts": "2026-09-18T19:58:36", "level": "INFO", "service": "gis_cities-direct", "env": "dev", "logger": "jug_gis_cities.mtl_fsa_gisoo.workflow", "request_id": "-", "msg": "Completed Montreal T1A workflow step: assign usage roll uuid field in 0.040s."}
{"ts": "2026-09-18T19:58:36", "level": "INFO", "service": "gis_cities-direct", "env": "dev", "logger": "jug_gis_cities.mtl_fsa_gisoo.workflow", "request_id": "-", "msg": "Starting Montreal T1A workflow step: delete duplicate usage geometries."}
{"ts": "2026-09-18T19:58:36", "level": "INFO", "service": "gis_cities-direct", "env": "dev", "logger": "citygisoo.scrub_layer_class", "request_id": "-", "msg": "Deleted duplicate geometries from usage_dup_fixed_T1A into D:/GIS/mtl_gisoo_fsa_data\\output_data\\T1A\\usage_dup_clean\\usage_dup_clean.gpkg."}
{"ts": "2026-09-18T19:58:36", "level": "INFO", "service": "gis_cities-direct", "env": "dev", "logger": "citygisoo.scrub_layer_class", "request_id": "-", "msg": "Loaded layer usage_dup_clean_T1A from D:/GIS/mtl_gisoo_fsa_data\\output_data\\T1A\\usage_dup_clean\\usage_dup_clean.gpkg."}
{"ts": "2026-09-18T19:58:36", "level": "INFO", "service": "gis_cities-direct", "env": "dev", "logger": "citygisoo.scrub_layer_class", "request_id": "-", "msg": "Creating spatial index for usage_dup_clean_T1A is completed."}
{"ts": "2026-09-18T19:58:36", "level": "INFO", "service": "gis_cities-direct", "env": "dev", "logger": "jug_gis_cities.mtl_fsa_gisoo.workflow", "request_id": "-", "msg": "The usage_dup_clean_T1A has 13 records."}
{"ts": "2026-09-18T19:58:36", "level": "INFO", "service": "gis_cities-direct", "env": "dev", "logger": "jug_gis_cities.mtl_fsa_gisoo.workflow", "request_id": "-", "msg": "Completed Montreal T1A workflow step: delete duplicate usage geometries in 0.085s."}
{"ts": "2026-09-18T19:58:36", "level": "INFO", "service": "gis_cities-direct", "env": "dev", "logger": "jug_gis_cities.mtl_fsa_gisoo.workflow", "request_id": "-", "msg": "Starting Montreal T1A workflow step: intersect nrcan with clean usage duplicate."}
{"ts": "2026-09-18T19:58:36", "level": "INFO", "service": "gis_cities-direct", "env": "dev", "logger": "citygisoo.scrub_layer_class", "request_id": "-", "msg": "Intersection of nrcan_fixed_T1A with overlay D:/GIS/mtl_gisoo_fsa_data\\output_data\\T1A\\usage_dup_clean\\usage_dup_clean.gpkg is completed into D:/GIS/mtl_gisoo_fsa_data\\output_data\\T1A\\inter_nrcan\\inter_nrcan.gpkg."}
{"ts": "2026-09-18T19:58:36", "level": "INFO", "service": "gis_cities-direct", "env": "dev", "logger": "citygisoo.scrub_layer_class", "request_id": "-", "msg": "Loaded layer inter_nrcan_T1A from D:/GIS/mtl_gisoo_fsa_data\\output_data\\T1A\\inter_nrcan\\inter_nrcan.gpkg."}
{"ts": "2026-09-18T19:58:36", "level": "INFO", "service": "gis_cities-direct", "env": "dev", "logger": "citygisoo.scrub_layer_class", "request_id": "-", "msg": "Creating spatial index for inter_nrcan_T1A is completed."}
{"ts": "2026-09-18T19:58:36", "level": "INFO", "service": "gis_cities-direct", "env": "dev", "logger": "jug_gis_cities.mtl_fsa_gisoo.workflow", "request_id": "-", "msg": "The inter_nrcan_T1A has 13 records."}
{"ts": "2026-09-18T19:58:36", "level": "INFO", "service": "gis_cities-direct", "env": "dev", "logger": "jug_gis_cities.mtl_fsa_gisoo.workflow", "request_id": "-", "msg": "Completed Montreal T1A workflow step: intersect nrcan with clean usage duplicate in 0.130s."}
{"ts": "2026-09-18T19:58:36", "level": "INFO", "service": "gis_cities-direct", "env": "dev", "logger": "jug_gis_cities.mtl_fsa_gisoo.workflow", "request_id": "-", "msg": "Starting Montreal T1A workflow step: assign inter nrcan area field."}
{"ts": "2026-09-18T19:58:36", "level": "INFO", "service": "gis_cities-direct", "env": "dev", "logger": "citygisoo.geopackage_feature_processor", "request_id": "-", "msg": "Assigned Python-calculated values to field inter_area on inter_nrcan_T1A for 13 features."}
{"ts": "2026-09-18T19:58:36", "level": "INFO", "service": "gis_cities-direct", "env": "dev", "logger": "jug_gis_cities.mtl_fsa_gisoo.workflow", "request_id": "-", "msg": "Completed Montreal T1A workflow step: assign inter nrcan area field in 0.016s."}
{"ts": "2026-09-18T19:58:36", "level": "INFO", "service": "gis_cities-direct", "env": "dev", "logger": "jug_gis_cities.mtl_fsa_gisoo.workflow", "request_id": "-", "msg": "Starting Montreal T1A workflow step: assign inter nrcan area ratio field."}
{"ts": "2026-09-18T19:58:36", "level": "INFO", "service": "gis_cities-direct", "env": "dev", "logger": "citygisoo.geopackage_feature_processor", "request_id": "-", "msg": "Assigned Python-calculated values to field area_ratio on inter_nrcan_T1A for 13 features."}
{"ts": "2026-09-18T19:58:36", "level": "INFO", "service": "gis_cities-direct", "env": "dev", "logger": "jug_gis_cities.mtl_fsa_gisoo.workflow", "request_id": "-", "msg": "Completed Montreal T1A workflow step: assign inter nrcan area ratio field in 0.013s."}
{"ts": "2026-09-18T19:58:36", "level": "INFO", "service": "gis_cities-direct", "env": "dev", "logger": "jug_gis_cities.mtl_fsa_gisoo.workflow", "request_id": "-", "msg": "Starting Montreal T1A workflow step: summarize inter nrcan by nrcan id."}
{"ts": "2026-09-18T19:58:36", "level": "INFO", "service": "gis_cities-direct", "env": "dev", "logger": "citygisoo.scrub_layer_class", "request_id": "-", "msg": "Loaded layer inter_summary_T1A from D:/GIS/mtl_gisoo_fsa_data\\output_data\\T1A\\inter_summary\\inter_summary.gpkg."}
{"ts": "2026-09-18T19:58:36", "level": "INFO", "service": "gis_cities-direct", "env": "dev", "logger": "citygisoo.scrub_layer_class", "request_id": "-", "msg": "Creating spatial index for inter_summary_T1A is completed."}
{"ts": "2026-09-18T19:58:36", "level": "INFO", "service": "gis_cities-direct", "env": "dev", "logger": "jug_gis_cities.mtl_fsa_gisoo.workflow", "request_id": "-", "msg": "The inter_summary_T1A has 2 records."}
{"ts": "2026-09-18T19:58:36", "level": "INFO", "service": "gis_cities-direct", "env": "dev", "logger": "jug_gis_cities.mtl_fsa_gisoo.workflow", "request_id": "-", "msg": "Completed Montreal T1A workflow step: summarize inter nrcan by nrcan id in 0.067s."}
{"ts": "2026-09-18T19:58:36", "level": "INFO", "service": "gis_cities-direct", "env": "dev", "logger": "jug_gis_cities.mtl_fsa_gisoo.workflow", "request_id": "-", "msg": "Starting Montreal T1A workflow step: assign inter summary restore group field."}
{"ts": "2026-09-18T19:58:36", "level": "INFO", "service": "gis_cities-direct", "env": "dev", "logger": "citygisoo.scrub_layer_class", "request_id": "-", "msg": "Assigned expression values to field restore_group on inter_summary_T1A for 2 features."}
{"ts": "2026-09-18T19:58:36", "level": "INFO", "service": "gis_cities-direct", "env": "dev", "logger": "jug_gis_cities.mtl_fsa_gisoo.workflow", "request_id": "-", "msg": "Completed Montreal T1A workflow step: assign inter summary restore group field in 0.018s."}
{"ts": "2026-09-18T19:58:36", "level": "INFO", "service": "gis_cities-direct", "env": "dev", "logger": "jug_gis_cities.mtl_fsa_gisoo.workflow", "request_id": "-", "msg": "Starting Montreal T1A workflow step: assign inter summary restore reason field."}
{"ts": "2026-09-18T19:58:36", "level": "INFO", "service": "gis_cities-direct", "env": "dev", "logger": "citygisoo.scrub_layer_class", "request_id": "-", "msg": "Assigned expression values to field restore_reason on inter_summary_T1A for 2 features."}
{"ts": "2026-09-18T19:58:36", "level": "INFO", "service": "gis_cities-direct", "env": "dev", "logger": "jug_gis_cities.mtl_fsa_gisoo.workflow", "request_id": "-", "msg": "Completed Montreal T1A workflow step: assign inter summary restore reason field in 0.017s."}
{"ts": "2026-09-18T19:58:36", "level": "INFO", "service": "gis_cities-direct", "env": "dev", "logger": "jug_gis_cities.mtl_fsa_gisoo.workflow", "request_id": "-", "msg": "Starting Montreal T1A workflow step: join inter summary with inter nrcan."}
{"ts": "2026-09-18T19:58:36", "level": "INFO", "service": "gis_cities-direct", "env": "dev", "logger": "citygisoo.scrub_layer_class", "request_id": "-", "msg": "Field join of inter_nrcan_T1A with input layer inter_summary_T1A is completed."}
{"ts": "2026-09-18T19:58:36", "level": "INFO", "service": "gis_cities-direct", "env": "dev", "logger": "citygisoo.scrub_layer_class", "request_id": "-", "msg": "Loaded layer summary_joined_T1A from D:/GIS/mtl_gisoo_fsa_data\\output_data\\T1A\\summary_joined\\summary_joined.gpkg."}
{"ts": "2026-09-18T19:58:36", "level": "INFO", "service": "gis_cities-direct", "env": "dev", "logger": "citygisoo.scrub_layer_class", "request_id": "-", "msg": "Creating spatial index for summary_joined_T1A is completed."}
{"ts": "2026-09-18T19:58:36", "level": "INFO", "service": "gis_cities-direct", "env": "dev", "logger": "jug_gis_cities.mtl_fsa_gisoo.workflow", "request_id": "-", "msg": "The summary_joined_T1A has 13 records."}
{"ts": "2026-09-18T19:58:36", "level": "INFO", "service": "gis_cities-direct", "env": "dev", "logger": "jug_gis_cities.mtl_fsa_gisoo.workflow", "request_id": "-", "msg": "Completed Montreal T1A workflow step: join inter summary with inter nrcan in 0.108s."}
{"ts": "2026-09-18T19:58:36", "level": "INFO", "service": "gis_cities-direct", "env": "dev", "logger": "jug_gis_cities.mtl_fsa_gisoo.workflow", "request_id": "-", "msg": "Starting Montreal T1A workflow step: extract kept summary joined records."}
{"ts": "2026-09-18T19:58:36", "level": "INFO", "service": "gis_cities-direct", "env": "dev", "logger": "citygisoo.geopackage_feature_processor", "request_id": "-", "msg": "Wrote 13 features from summary_joined_T1A to D:/GIS/mtl_gisoo_fsa_data\\output_data\\T1A\\inter_kept\\inter_kept.gpkg."}
{"ts": "2026-09-18T19:58:36", "level": "INFO", "service": "gis_cities-direct", "env": "dev", "logger": "citygisoo.scrub_layer_class", "request_id": "-", "msg": "Loaded layer inter_kept_T1A from D:/GIS/mtl_gisoo_fsa_data\\output_data\\T1A\\inter_kept\\inter_kept.gpkg."}
{"ts": "2026-09-18T19:58:36", "level": "INFO", "service": "gis_cities-direct", "env": "dev", "logger": "citygisoo.scrub_layer_class", "request_id": "-", "msg": "Creating spatial index for inter_kept_T1A is completed."}
{"ts": "2026-09-18T19:58:36", "level": "INFO", "service": "gis_cities-direct", "env": "dev", "logger": "jug_gis_cities.mtl_fsa_gisoo.workflow", "request_id": "-", "msg": "The inter_kept_T1A has 13 records."}
{"ts": "2026-09-18T19:58:36", "level": "INFO", "service": "gis_cities-direct", "env": "dev", "logger": "jug_gis_cities.mtl_fsa_gisoo.workflow", "request_id": "-", "msg": "Completed Montreal T1A workflow step: extract kept summary joined records in 0.080s."}
{"ts": "2026-09-18T19:58:36", "level": "INFO", "service": "gis_cities-direct", "env": "dev", "logger": "jug_gis_cities.mtl_fsa_gisoo.workflow", "request_id": "-", "msg": "Starting Montreal T1A workflow step: join nrcan with inter summary."}
{"ts": "2026-09-18T19:58:36", "level": "INFO", "service": "gis_cities-direct", "env": "dev", "logger": "citygisoo.scrub_layer_class", "request_id": "-", "msg": "Field join of nrcan_preserved_fixed_T1A with input layer inter_summary_T1A is completed."}
{"ts": "2026-09-18T19:58:36", "level": "INFO", "service": "gis_cities-direct", "env": "dev", "logger": "citygisoo.scrub_layer_class", "request_id": "-", "msg": "Loaded layer nrcan_joined_summary_T1A from D:/GIS/mtl_gisoo_fsa_data\\output_data\\T1A\\nrcan_joined_summary\\nrcan_joined_summary.gpkg."}
{"ts": "2026-09-18T19:58:36", "level": "INFO", "service": "gis_cities-direct", "env": "dev", "logger": "citygisoo.scrub_layer_class", "request_id": "-", "msg": "Creating spatial index for nrcan_joined_summary_T1A is completed."}
{"ts": "2026-09-18T19:58:36", "level": "INFO", "service": "gis_cities-direct", "env": "dev", "logger": "jug_gis_cities.mtl_fsa_gisoo.workflow", "request_id": "-", "msg": "The nrcan_joined_summary_T1A has 2 records."}
{"ts": "2026-09-18T19:58:36", "level": "INFO", "service": "gis_cities-direct", "env": "dev", "logger": "jug_gis_cities.mtl_fsa_gisoo.workflow", "request_id": "-", "msg": "Completed Montreal T1A workflow step: join nrcan with inter summary in 0.127s."}
{"ts": "2026-09-18T19:58:36", "level": "INFO", "service": "gis_cities-direct", "env": "dev", "logger": "jug_gis_cities.mtl_fsa_gisoo.workflow", "request_id": "-", "msg": "Starting Montreal T1A workflow step: extract nrcan restored records."}
{"ts": "2026-09-18T19:58:36", "level": "INFO", "service": "gis_cities-direct", "env": "dev", "logger": "citygisoo.geopackage_feature_processor", "request_id": "-", "msg": "Wrote 0 features from nrcan_joined_summary_T1A to D:/GIS/mtl_gisoo_fsa_data\\output_data\\T1A\\nrcan_restored\\nrcan_restored.gpkg."}
{"ts": "2026-09-18T19:58:37", "level": "INFO", "service": "gis_cities-direct", "env": "dev", "logger": "citygisoo.scrub_layer_class", "request_id": "-", "msg": "Loaded layer nrcan_restored_T1A from D:/GIS/mtl_gisoo_fsa_data\\output_data\\T1A\\nrcan_restored\\nrcan_restored.gpkg."}
{"ts": "2026-09-18T19:58:37", "level": "INFO", "service": "gis_cities-direct", "env": "dev", "logger": "citygisoo.scrub_layer_class", "request_id": "-", "msg": "Creating spatial index for nrcan_restored_T1A is completed."}
{"ts": "2026-09-18T19:58:37", "level": "INFO", "service": "gis_cities-direct", "env": "dev", "logger": "jug_gis_cities.mtl_fsa_gisoo.workflow", "request_id": "-", "msg": "The nrcan_restored_T1A has 0 records."}
{"ts": "2026-09-18T19:58:37", "level": "INFO", "service": "gis_cities-direct", "env": "dev", "logger": "jug_gis_cities.mtl_fsa_gisoo.workflow", "request_id": "-", "msg": "Completed Montreal T1A workflow step: extract nrcan restored records in 0.081s."}
{"ts": "2026-09-18T19:58:37", "level": "INFO", "service": "gis_cities-direct", "env": "dev", "logger": "jug_gis_cities.mtl_fsa_gisoo.workflow", "request_id": "-", "msg": "Starting Montreal T1A workflow step: extract dominant summary joined parts."}
{"ts": "2026-09-18T19:58:37", "level": "INFO", "service": "gis_cities-direct", "env": "dev", "logger": "citygisoo.geopackage_feature_processor", "request_id": "-", "msg": "Wrote 0 features from summary_joined_T1A to D:/GIS/mtl_gisoo_fsa_data\\output_data\\T1A\\dominant_parts\\dominant_parts.gpkg."}
{"ts": "2026-09-18T19:58:37", "level": "INFO", "service": "gis_cities-direct", "env": "dev", "logger": "citygisoo.scrub_layer_class", "request_id": "-", "msg": "Loaded layer dominant_parts_T1A from D:/GIS/mtl_gisoo_fsa_data\\output_data\\T1A\\dominant_parts\\dominant_parts.gpkg."}
{"ts": "2026-09-18T19:58:37", "level": "INFO", "service": "gis_cities-direct", "env": "dev", "logger": "citygisoo.scrub_layer_class", "request_id": "-", "msg": "Creating spatial index for dominant_parts_T1A is completed."}
{"ts": "2026-09-18T19:58:37", "level": "INFO", "service": "gis_cities-direct", "env": "dev", "logger": "jug_gis_cities.mtl_fsa_gisoo.workflow", "request_id": "-", "msg": "The dominant_parts_T1A has 0 records."}
{"ts": "2026-09-18T19:58:37", "level": "INFO", "service": "gis_cities-direct", "env": "dev", "logger": "jug_gis_cities.mtl_fsa_gisoo.workflow", "request_id": "-", "msg": "Completed Montreal T1A workflow step: extract dominant summary joined parts in 0.076s."}
{"ts": "2026-09-18T19:58:37", "level": "INFO", "service": "gis_cities-direct", "env": "dev", "logger": "jug_gis_cities.mtl_fsa_gisoo.workflow", "request_id": "-", "msg": "Starting Montreal T1A workflow step: join nrcan restored with dominant usage id."}
{"ts": "2026-09-18T19:58:37", "level": "INFO", "service": "gis_cities-direct", "env": "dev", "logger": "citygisoo.scrub_layer_class", "request_id": "-", "msg": "Field join of nrcan_restored_T1A with input layer dominant_parts_T1A is completed."}
{"ts": "2026-09-18T19:58:37", "level": "INFO", "service": "gis_cities-direct", "env": "dev", "logger": "citygisoo.scrub_layer_class", "request_id": "-", "msg": "Loaded layer nrcan_restored_with_usage_id_T1A from D:/GIS/mtl_gisoo_fsa_data\\output_data\\T1A\\nrcan_restored_with_usage_id\\nrcan_restored_with_usage_id.gpkg."}
{"ts": "2026-09-18T19:58:37", "level": "INFO", "service": "gis_cities-direct", "env": "dev", "logger": "citygisoo.scrub_layer_class", "request_id": "-", "msg": "Creating spatial index for nrcan_restored_with_usage_id_T1A is completed."}
{"ts": "2026-09-18T19:58:37", "level": "INFO", "service": "gis_cities-direct", "env": "dev", "logger": "jug_gis_cities.mtl_fsa_gisoo.workflow", "request_id": "-", "msg": "The nrcan_restored_with_usage_id_T1A has 0 records."}
{"ts": "2026-09-18T19:58:37", "level": "INFO", "service": "gis_cities-direct", "env": "dev", "logger": "jug_gis_cities.mtl_fsa_gisoo.workflow", "request_id": "-", "msg": "Completed Montreal T1A workflow step: join nrcan restored with dominant usage id in 0.114s."}
{"ts": "2026-09-18T19:58:37", "level": "INFO", "service": "gis_cities-direct", "env": "dev", "logger": "jug_gis_cities.mtl_fsa_gisoo.workflow", "request_id": "-", "msg": "Starting Montreal T1A workflow step: merge kept and restored nrcan intersections."}
{"ts": "2026-09-18T19:58:37", "level": "INFO", "service": "gis_cities-direct", "env": "dev", "logger": "citygisoo.scrub_layer_class", "request_id": "-", "msg": "Merged 2 explicit layers into D:/GIS/mtl_gisoo_fsa_data\\output_data\\T1A\\nrcan_intersected\\nrcan_intersected.gpkg."}
{"ts": "2026-09-18T19:58:37", "level": "INFO", "service": "gis_cities-direct", "env": "dev", "logger": "citygisoo.scrub_layer_class", "request_id": "-", "msg": "Loaded layer c_nrcan_intersected_T1A from D:/GIS/mtl_gisoo_fsa_data\\output_data\\T1A\\nrcan_intersected\\nrcan_intersected.gpkg."}
{"ts": "2026-09-18T19:58:37", "level": "INFO", "service": "gis_cities-direct", "env": "dev", "logger": "citygisoo.scrub_layer_class", "request_id": "-", "msg": "Creating spatial index for c_nrcan_intersected_T1A is completed."}
{"ts": "2026-09-18T19:58:37", "level": "INFO", "service": "gis_cities-direct", "env": "dev", "logger": "jug_gis_cities.mtl_fsa_gisoo.workflow", "request_id": "-", "msg": "The c_nrcan_intersected_T1A has 13 records."}
{"ts": "2026-09-18T19:58:37", "level": "INFO", "service": "gis_cities-direct", "env": "dev", "logger": "jug_gis_cities.mtl_fsa_gisoo.workflow", "request_id": "-", "msg": "Completed Montreal T1A workflow step: merge kept and restored nrcan intersections in 0.088s."}
{"ts": "2026-09-18T19:58:37", "level": "INFO", "service": "gis_cities-direct", "env": "dev", "logger": "jug_gis_cities.mtl_fsa_gisoo.workflow", "request_id": "-", "msg": "Starting Montreal T1A workflow step: assign nrcan intersected uuid field."}
{"ts": "2026-09-18T19:58:37", "level": "INFO", "service": "gis_cities-direct", "env": "dev", "logger": "citygisoo.scrub_layer_class", "request_id": "-", "msg": "Assigned expression values to field nrcan_in_id on c_nrcan_intersected_T1A for 13 features."}
{"ts": "2026-09-18T19:58:37", "level": "INFO", "service": "gis_cities-direct", "env": "dev", "logger": "jug_gis_cities.mtl_fsa_gisoo.workflow", "request_id": "-", "msg": "Completed Montreal T1A workflow step: assign nrcan intersected uuid field in 0.029s."}
{"ts": "2026-09-18T19:58:37", "level": "INFO", "service": "gis_cities-direct", "env": "dev", "logger": "jug_gis_cities.mtl_fsa_gisoo.workflow", "request_id": "-", "msg": "Starting Montreal T1A workflow step: create nrcan intersected points."}
{"ts": "2026-09-18T19:58:37", "level": "INFO", "service": "gis_cities-direct", "env": "dev", "logger": "citygisoo.scrub_layer_class", "request_id": "-", "msg": "Created point-on-surface layer from c_nrcan_intersected_T1A into D:/GIS/mtl_gisoo_fsa_data\\output_data\\T1A\\nrcan_intersected_points\\nrcan_intersected_points.gpkg."}
{"ts": "2026-09-18T19:58:37", "level": "INFO", "service": "gis_cities-direct", "env": "dev", "logger": "citygisoo.scrub_layer_class", "request_id": "-", "msg": "Loaded layer nrcan_intersected_points from D:/GIS/mtl_gisoo_fsa_data\\output_data\\T1A\\nrcan_intersected_points\\nrcan_intersected_points.gpkg."}
{"ts": "2026-09-18T19:58:37", "level": "INFO", "service": "gis_cities-direct", "env": "dev", "logger": "citygisoo.scrub_layer_class", "request_id": "-", "msg": "Creating spatial index for nrcan_intersected_points is completed."}
{"ts": "2026-09-18T19:58:37", "level": "INFO", "service": "gis_cities-direct", "env": "dev", "logger": "jug_gis_cities.mtl_fsa_gisoo.workflow", "request_id": "-", "msg": "The nrcan_intersected_points has 13 records."}
{"ts": "2026-09-18T19:58:37", "level": "INFO", "service": "gis_cities-direct", "env": "dev", "logger": "jug_gis_cities.mtl_fsa_gisoo.workflow", "request_id": "-", "msg": "Completed Montreal T1A workflow step: create nrcan intersected points in 0.084s."}
{"ts": "2026-09-18T19:58:37", "level": "INFO", "service": "gis_cities-direct", "env": "dev", "logger": "jug_gis_cities.mtl_fsa_gisoo.workflow", "request_id": "-", "msg": "Starting Montreal T1A workflow step: spatial join nrcan intersected points with usage roll."}
{"ts": "2026-09-18T19:58:37", "level": "INFO", "service": "gis_cities-direct", "env": "dev", "logger": "citygisoo.scrub_layer_class", "request_id": "-", "msg": "Spatial join with input layer nrcan_intersected_points, predicate within, method one-to-many, and prefix ur_ is completed."}
{"ts": "2026-09-18T19:58:37", "level": "INFO", "service": "gis_cities-direct", "env": "dev", "logger": "citygisoo.scrub_layer_class", "request_id": "-", "msg": "Loaded layer nrcan_in_usage_roll_points_T1A from D:/GIS/mtl_gisoo_fsa_data\\output_data\\T1A\\nrcan_in_usage_roll_points\\nrcan_in_usage_roll_points.gpkg."}
{"ts": "2026-09-18T19:58:37", "level": "INFO", "service": "gis_cities-direct", "env": "dev", "logger": "citygisoo.scrub_layer_class", "request_id": "-", "msg": "Creating spatial index for nrcan_in_usage_roll_points_T1A is completed."}
{"ts": "2026-09-18T19:58:37", "level": "INFO", "service": "gis_cities-direct", "env": "dev", "logger": "jug_gis_cities.mtl_fsa_gisoo.workflow", "request_id": "-", "msg": "The nrcan_in_usage_roll_points_T1A has 13 records."}
{"ts": "2026-09-18T19:58:37", "level": "INFO", "service": "gis_cities-direct", "env": "dev", "logger": "jug_gis_cities.mtl_fsa_gisoo.workflow", "request_id": "-", "msg": "Completed Montreal T1A workflow step: spatial join nrcan intersected points with usage roll in 0.134s."}
{"ts": "2026-09-18T19:58:37", "level": "INFO", "service": "gis_cities-direct", "env": "dev", "logger": "jug_gis_cities.mtl_fsa_gisoo.workflow", "request_id": "-", "msg": "Starting Montreal T1A workflow step: restore nrcan geometry on usage roll points."}
{"ts": "2026-09-18T19:58:37", "level": "INFO", "service": "gis_cities-direct", "env": "dev", "logger": "citygisoo.scrub_layer_class", "request_id": "-", "msg": "Created geometry-by-expression layer from nrcan_in_usage_roll_points_T1A into D:/GIS/mtl_gisoo_fsa_data\\output_data\\T1A\\nrcan_usage_roll_with_missing\\nrcan_usage_roll_with_missing.gpkg."}
{"ts": "2026-09-18T19:58:37", "level": "INFO", "service": "gis_cities-direct", "env": "dev", "logger": "citygisoo.scrub_layer_class", "request_id": "-", "msg": "Loaded layer nrcan_usage_roll_with_missing from D:/GIS/mtl_gisoo_fsa_data\\output_data\\T1A\\nrcan_usage_roll_with_missing\\nrcan_usage_roll_with_missing.gpkg."}
{"ts": "2026-09-18T19:58:37", "level": "INFO", "service": "gis_cities-direct", "env": "dev", "logger": "citygisoo.scrub_layer_class", "request_id": "-", "msg": "Creating spatial index for nrcan_usage_roll_with_missing is completed."}
{"ts": "2026-09-18T19:58:37", "level": "INFO", "service": "gis_cities-direct", "env": "dev", "logger": "jug_gis_cities.mtl_fsa_gisoo.workflow", "request_id": "-", "msg": "The nrcan_usage_roll_with_missing has 13 records."}
{"ts": "2026-09-18T19:58:37", "level": "INFO", "service": "gis_cities-direct", "env": "dev", "logger": "jug_gis_cities.mtl_fsa_gisoo.workflow", "request_id": "-", "msg": "Completed Montreal T1A workflow step: restore nrcan geometry on usage roll points in 0.126s."}
{"ts": "2026-09-18T19:58:37", "level": "INFO", "service": "gis_cities-direct", "env": "dev", "logger": "jug_gis_cities.mtl_fsa_gisoo.workflow", "request_id": "-", "msg": "Starting Montreal T1A workflow step: extract usage roll missing nrcan geometry."}
{"ts": "2026-09-18T19:58:37", "level": "INFO", "service": "gis_cities-direct", "env": "dev", "logger": "citygisoo.geopackage_feature_processor", "request_id": "-", "msg": "Extracted 0 features from usage_roll_all_T1A by membership of id_provinc in nrcan_usage_roll_with_missing.ur_id_provinc."}
{"ts": "2026-09-18T19:58:37", "level": "INFO", "service": "gis_cities-direct", "env": "dev", "logger": "citygisoo.geopackage_feature_processor", "request_id": "-", "msg": "Wrote 0 features from usage_roll_all_T1A to D:/GIS/mtl_gisoo_fsa_data\\output_data\\T1A\\usage_roll_all_only\\usage_roll_all_only.gpkg."}
{"ts": "2026-09-18T19:58:37", "level": "INFO", "service": "gis_cities-direct", "env": "dev", "logger": "citygisoo.scrub_layer_class", "request_id": "-", "msg": "Loaded layer usage_roll_all_only_T1A from D:/GIS/mtl_gisoo_fsa_data\\output_data\\T1A\\usage_roll_all_only\\usage_roll_all_only.gpkg."}
{"ts": "2026-09-18T19:58:37", "level": "INFO", "service": "gis_cities-direct", "env": "dev", "logger": "citygisoo.scrub_layer_class", "request_id": "-", "msg": "Creating spatial index for usage_roll_all_only_T1A is completed."}
{"ts": "2026-09-18T19:58:37", "level": "INFO", "service": "gis_cities-direct", "env": "dev", "logger": "jug_gis_cities.mtl_fsa_gisoo.workflow", "request_id": "-", "msg": "The usage_roll_all_only_T1A has 0 records."}
{"ts": "2026-09-18T19:58:37", "level": "INFO", "service": "gis_cities-direct", "env": "dev", "logger": "jug_gis_cities.mtl_fsa_gisoo.workflow", "request_id": "-", "msg": "Completed Montreal T1A workflow step: extract usage roll missing nrcan geometry in 0.162s."}
{"ts": "2026-09-18T19:58:37", "level": "INFO", "service": "gis_cities-direct", "env": "dev", "logger": "jug_gis_cities.mtl_fsa_gisoo.workflow", "request_id": "-", "msg": "Starting Montreal T1A workflow step: merge nrcan usage roll layers."}
{"ts": "2026-09-18T19:58:37", "level": "INFO", "service": "gis_cities-direct", "env": "dev", "logger": "citygisoo.scrub_layer_class", "request_id": "-", "msg": "Merged 2 explicit layers into D:/GIS/mtl_gisoo_fsa_data\\output_data\\T1A\\nrcan_usage_roll\\nrcan_usage_roll.gpkg."}
{"ts": "2026-09-18T19:58:37", "level": "INFO", "service": "gis_cities-direct", "env": "dev", "logger": "citygisoo.scrub_layer_class", "request_id": "-", "msg": "Loaded layer nrcan_usage_roll_T1A from D:/GIS/mtl_gisoo_fsa_data\\output_data\\T1A\\nrcan_usage_roll\\nrcan_usage_roll.gpkg."}
{"ts": "2026-09-18T19:58:38", "level": "INFO", "service": "gis_cities-direct", "env": "dev", "logger": "citygisoo.scrub_layer_class", "request_id": "-", "msg": "Creating spatial index for nrcan_usage_roll_T1A is completed."}
{"ts": "2026-09-18T19:58:38", "level": "INFO", "service": "gis_cities-direct", "env": "dev", "logger": "jug_gis_cities.mtl_fsa_gisoo.workflow", "request_id": "-", "msg": "The nrcan_usage_roll_T1A has 13 records."}
{"ts": "2026-09-18T19:58:38", "level": "INFO", "service": "gis_cities-direct", "env": "dev", "logger": "jug_gis_cities.mtl_fsa_gisoo.workflow", "request_id": "-", "msg": "Completed Montreal T1A workflow step: merge nrcan usage roll layers in 0.161s."}
{"ts": "2026-09-18T19:58:38", "level": "INFO", "service": "gis_cities-direct", "env": "dev", "logger": "jug_gis_cities.mtl_fsa_gisoo.workflow", "request_id": "-", "msg": "Starting Montreal T1A workflow step: assign nrcan usage roll FSA field."}
{"ts": "2026-09-18T19:58:38", "level": "INFO", "service": "gis_cities-direct", "env": "dev", "logger": "citygisoo.scrub_layer_class", "request_id": "-", "msg": "Assigned expression values to field FSA on nrcan_usage_roll_T1A for 13 features."}
{"ts": "2026-09-18T19:58:38", "level": "INFO", "service": "gis_cities-direct", "env": "dev", "logger": "jug_gis_cities.mtl_fsa_gisoo.workflow", "request_id": "-", "msg": "Completed Montreal T1A workflow step: assign nrcan usage roll FSA field in 0.061s."}
{"ts": "2026-09-18T19:58:38", "level": "INFO", "service": "gis_cities-direct", "env": "dev", "logger": "jug_gis_cities.mtl_fsa_gisoo.workflow", "request_id": "-", "msg": "Starting Montreal T1A workflow step: assign nrcan usage roll citygisoo id field."}
{"ts": "2026-09-18T19:58:38", "level": "INFO", "service": "gis_cities-direct", "env": "dev", "logger": "citygisoo.scrub_layer_class", "request_id": "-", "msg": "Assigned expression values to field citygisoo_id on nrcan_usage_roll_T1A for 13 features."}
{"ts": "2026-09-18T19:58:38", "level": "INFO", "service": "gis_cities-direct", "env": "dev", "logger": "jug_gis_cities.mtl_fsa_gisoo.workflow", "request_id": "-", "msg": "Completed Montreal T1A workflow step: assign nrcan usage roll citygisoo id field in 0.058s."}
{"ts": "2026-09-18T19:58:38", "level": "INFO", "service": "gis_cities-direct", "env": "dev", "logger": "jug_gis_cities.mtl_fsa_gisoo.workflow", "request_id": "-", "msg": "Starting Montreal T1A workflow step: assign nrcan usage roll citygisoo area field."}
{"ts": "2026-09-18T19:58:38", "level": "INFO", "service": "gis_cities-direct", "env": "dev", "logger": "citygisoo.geopackage_feature_processor", "request_id": "-", "msg": "Assigned Python-calculated values to field citygisoo_area on nrcan_usage_roll_T1A for 13 features."}
{"ts": "2026-09-18T19:58:38", "level": "INFO", "service": "gis_cities-direct", "env": "dev", "logger": "jug_gis_cities.mtl_fsa_gisoo.workflow", "request_id": "-", "msg": "Completed Montreal T1A workflow step: assign nrcan usage roll citygisoo area field in 0.035s."}
{"ts": "2026-09-18T19:58:38", "level": "INFO", "service": "gis_cities-direct", "env": "dev", "logger": "jug_gis_cities.mtl_fsa_gisoo.workflow", "request_id": "-", "msg": "Starting Montreal T1A workflow step: assign nrcan usage roll processing tool field."}
{"ts": "2026-09-18T19:58:38", "level": "INFO", "service": "gis_cities-direct", "env": "dev", "logger": "citygisoo.scrub_layer_class", "request_id": "-", "msg": "Assigned expression values to field processing_tool on nrcan_usage_roll_T1A for 13 features."}
{"ts": "2026-09-18T19:58:38", "level": "INFO", "service": "gis_cities-direct", "env": "dev", "logger": "jug_gis_cities.mtl_fsa_gisoo.workflow", "request_id": "-", "msg": "Completed Montreal T1A workflow step: assign nrcan usage roll processing tool field in 0.059s."}
{"ts": "2026-09-18T19:58:38", "level": "INFO", "service": "gis_cities-direct", "env": "dev", "logger": "jug_gis_cities.mtl_fsa_gisoo.workflow", "request_id": "-", "msg": "Starting Montreal T1A workflow step: assign nrcan usage roll processed by field."}
{"ts": "2026-09-18T19:58:38", "level": "INFO", "service": "gis_cities-direct", "env": "dev", "logger": "citygisoo.scrub_layer_class", "request_id": "-", "msg": "Assigned expression values to field processed_by on nrcan_usage_roll_T1A for 13 features."}
{"ts": "2026-09-18T19:58:38", "level": "INFO", "service": "gis_cities-direct", "env": "dev", "logger": "jug_gis_cities.mtl_fsa_gisoo.workflow", "request_id": "-", "msg": "Completed Montreal T1A workflow step: assign nrcan usage roll processed by field in 0.056s."}
{"ts": "2026-09-18T19:58:38", "level": "INFO", "service": "gis_cities-direct", "env": "dev", "logger": "jug_gis_cities.mtl_fsa_gisoo.workflow", "request_id": "-", "msg": "Starting Montreal T1A workflow step: create finalized GISOO layer."}
{"ts": "2026-09-18T19:58:38", "level": "INFO", "service": "gis_cities-direct", "env": "dev", "logger": "citygisoo.geopackage_feature_processor", "request_id": "-", "msg": "Wrote 13 features from nrcan_usage_roll_T1A to D:/GIS/mtl_gisoo_fsa_data\\output_data\\T1A\\mtl_T1A_gisoo\\mtl_T1A_gisoo.gpkg."}
{"ts": "2026-09-18T19:58:38", "level": "INFO", "service": "gis_cities-direct", "env": "dev", "logger": "citygisoo.scrub_layer_class", "request_id": "-", "msg": "Loaded layer mtl_T1A_gisoo from D:/GIS/mtl_gisoo_fsa_data\\output_data\\T1A\\mtl_T1A_gisoo\\mtl_T1A_gisoo.gpkg."}
{"ts": "2026-09-18T19:58:38", "level": "INFO", "service": "gis_cities-direct", "env": "dev", "logger": "citygisoo.scrub_layer_class", "request_id": "-", "msg": "Creating spatial index for mtl_T1A_gisoo is completed."}
{"ts": "2026-09-18T19:58:38", "level": "INFO", "service": "gis_cities-direct", "env": "dev", "logger": "jug_gis_cities.mtl_fsa_gisoo.workflow", "request_id": "-", "msg": "The mtl_T1A_gisoo has 13 records."}
{"ts": "2026-09-18T19:58:38", "level": "INFO", "service": "gis_cities-direct", "env": "dev", "logger": "jug_gis_cities.mtl_fsa_gisoo.workflow", "request_id": "-", "msg": "Completed Montreal T1A workflow step: create finalized GISOO layer in 0.143s."}
{"ts": "2026-09-18T19:58:38", "level": "INFO", "service": "gis_cities-direct", "env": "dev", "logger": "jug_gis_cities.mtl_fsa_gisoo.workflow", "request_id": "-", "msg": "Completed Montreal FSA GISOO workflow. FSA=T1A Output=D:/GIS/mtl_gisoo_fsa_data\\output_data\\T1A\\mtl_T1A_gisoo\\mtl_T1A_gisoo.gpkg Elapsed=5.223s"}
{"ts": "2026-09-18T19:58:38", "level": "INFO", "service": "gis_cities-direct", "env": "dev", "logger": "jug_gis_cities.application.jug_gis_cities", "request_id": "-", "msg": "Running GIS city component callable with FSA. Component=mtl_fsa_gisoo Callable=contract_adapter.run_contract_adapter FSA=T1A"}
{"ts": "2026-09-18T19:58:38", "level": "INFO", "service": "gis_cities-direct", "env": "dev", "logger": "jug_gis_cities.mtl_fsa_gisoo.contract_adapter", "request_id": "-", "msg": "Starting Montreal FSA contract adapter. FSA=T1A Input=D:/GIS/mtl_gisoo_fsa_data\\output_data\\T1A\\mtl_T1A_gisoo\\mtl_T1A_gisoo.gpkg Output=D:/GIS/mtl_gisoo_fsa_data\\output_data\\T1A\\mtl_T1A_gisoo_standardized\\mtl_T1A_gisoo_standardized.geojson"}
{"ts": "2026-09-18T19:58:38", "level": "INFO", "service": "gis_cities-direct", "env": "dev", "logger": "citygisoo.building_contract_adapter", "request_id": "-", "msg": "Starting building contract adapter. Input=D:/GIS/mtl_gisoo_fsa_data\\output_data\\T1A\\mtl_T1A_gisoo\\mtl_T1A_gisoo.gpkg Output=D:/GIS/mtl_gisoo_fsa_data\\output_data\\T1A\\mtl_T1A_gisoo_standardized\\mtl_T1A_gisoo_standardized.geojson"}
{"ts": "2026-09-18T19:58:38", "level": "INFO", "service": "gis_cities-direct", "env": "dev", "logger": "citygisoo.scrub_layer_class", "request_id": "-", "msg": "Loaded layer mtl_T1A_gisoo from D:/GIS/mtl_gisoo_fsa_data\\output_data\\T1A\\mtl_T1A_gisoo\\mtl_T1A_gisoo.gpkg."}
{"ts": "2026-09-18T19:58:38", "level": "INFO", "service": "gis_cities-direct", "env": "dev", "logger": "citygisoo.field_schema_manager", "request_id": "-", "msg": "Refactoring 21 fields from layer mtl_T1A_gisoo into D:/GIS/mtl_gisoo_fsa_data\\output_data\\T1A\\mtl_T1A_gisoo_standardized\\mtl_T1A_gisoo_standardized.gpkg in one operation."}
{"ts": "2026-09-18T19:58:38", "level": "INFO", "service": "gis_cities-direct", "env": "dev", "logger": "citygisoo.scrub_layer_class", "request_id": "-", "msg": "Loaded layer mtl_T1A_gisoo_standardized from D:/GIS/mtl_gisoo_fsa_data\\output_data\\T1A\\mtl_T1A_gisoo_standardized\\mtl_T1A_gisoo_standardized.gpkg."}
{"ts": "2026-09-18T19:58:38", "level": "INFO", "service": "gis_cities-direct", "env": "dev", "logger": "citygisoo.field_schema_manager", "request_id": "-", "msg": "Standardized fields for layer mtl_T1A_gisoo_standardized."}
{"ts": "2026-09-18T19:58:38", "level": "INFO", "service": "gis_cities-direct", "env": "dev", "logger": "citygisoo.building_contract_adapter", "request_id": "-", "msg": "Skipping null-feature deletion because no non-null contract fields were configured."}
{"ts": "2026-09-18T19:58:38", "level": "WARNING", "service": "gis_cities-direct", "env": "dev", "logger": "py.warnings", "request_id": "-", "msg": "C:\\QGIS_I~1\\OSGeo4W\\apps\\Python312\\Lib\\site-packages\\citygisoo\\field_schema_manager.py:696: DeprecationWarning: QgsField constructor is deprecated\n  new_field = QgsField(field_name, QVariant.Int)\n"}
{"ts": "2026-09-18T19:58:38", "level": "INFO", "service": "gis_cities-direct", "env": "dev", "logger": "citygisoo.field_schema_manager", "request_id": "-", "msg": "Assigned 13 ID values to field id on layer mtl_T1A_gisoo_standardized."}
{"ts": "2026-09-18T19:58:38", "level": "INFO", "service": "gis_cities-direct", "env": "dev", "logger": "citygisoo.scrub_layer_class", "request_id": "-", "msg": "Creating spatial index for mtl_T1A_gisoo_standardized is completed."}
{"ts": "2026-09-18T19:58:38", "level": "INFO", "service": "gis_cities-direct", "env": "dev", "logger": "citygisoo.field_schema_manager", "request_id": "-", "msg": "Exporting layer mtl_T1A_gisoo_standardized to GeoJSON at D:/GIS/mtl_gisoo_fsa_data\\output_data\\T1A\\mtl_T1A_gisoo_standardized\\mtl_T1A_gisoo_standardized.geojson with 23 fields, 13 features, CRS EPSG:4617, provider ogr."}
{"ts": "2026-09-18T19:58:38", "level": "INFO", "service": "gis_cities-direct", "env": "dev", "logger": "citygisoo.field_schema_manager", "request_id": "-", "msg": "Writing layer mtl_T1A_gisoo_standardized to D:/GIS/mtl_gisoo_fsa_data\\output_data\\T1A\\mtl_T1A_gisoo_standardized\\mtl_T1A_gisoo_standardized.geojson with driver GeoJSON using provider ogr."}
{"ts": "2026-09-18T19:58:38", "level": "INFO", "service": "gis_cities-direct", "env": "dev", "logger": "citygisoo.field_schema_manager", "request_id": "-", "msg": "Exported layer mtl_T1A_gisoo_standardized to D:/GIS/mtl_gisoo_fsa_data\\output_data\\T1A\\mtl_T1A_gisoo_standardized\\mtl_T1A_gisoo_standardized.geojson."}
{"ts": "2026-09-18T19:58:38", "level": "INFO", "service": "gis_cities-direct", "env": "dev", "logger": "citygisoo.scrub_layer_class", "request_id": "-", "msg": "Loaded layer mtl_T1A_gisoo_standardized from D:/GIS/mtl_gisoo_fsa_data\\output_data\\T1A\\mtl_T1A_gisoo_standardized\\mtl_T1A_gisoo_standardized.geojson."}
{"ts": "2026-09-18T19:58:38", "level": "INFO", "service": "gis_cities-direct", "env": "dev", "logger": "citygisoo.field_schema_manager", "request_id": "-", "msg": "Promoted property id to feature-level ID for layer mtl_T1A_gisoo_standardized."}
{"ts": "2026-09-18T19:58:38", "level": "INFO", "service": "gis_cities-direct", "env": "dev", "logger": "citygisoo.building_contract_adapter", "request_id": "-", "msg": "Completed building contract adapter. GeoJSON output=D:/GIS/mtl_gisoo_fsa_data\\output_data\\T1A\\mtl_T1A_gisoo_standardized\\mtl_T1A_gisoo_standardized.geojson GeoPackage output=D:/GIS/mtl_gisoo_fsa_data\\output_data\\T1A\\mtl_T1A_gisoo_standardized\\mtl_T1A_gisoo_standardized.gpkg"}
{"ts": "2026-09-18T19:58:38", "level": "INFO", "service": "gis_cities-direct", "env": "dev", "logger": "jug_gis_cities.mtl_fsa_gisoo.contract_adapter", "request_id": "-", "msg": "Completed Montreal FSA contract adapter. FSA=T1A Output=D:/GIS/mtl_gisoo_fsa_data\\output_data\\T1A\\mtl_T1A_gisoo_standardized\\mtl_T1A_gisoo_standardized.geojson Elapsed=0.230s"}
{"ts": "2026-09-18T19:58:38", "level": "INFO", "service": "gis_cities-direct", "env": "dev", "logger": "jug_gis_cities.application.jug_gis_cities", "request_id": "-", "msg": "Completed GIS city component. Component=mtl_fsa_gisoo Mode=standardize FSA=T1A WorkflowOutput=D:/GIS/mtl_gisoo_fsa_data\\output_data\\T1A\\mtl_T1A_gisoo\\mtl_T1A_gisoo.gpkg StandardizedOutput=D:/GIS/mtl_gisoo_fsa_data\\output_data\\T1A\\mtl_T1A_gisoo_standardized\\mtl_T1A_gisoo_standardized.geojson Cleaned=0 Elapsed=5.854s"}
{"ts": "2026-09-18T19:58:39", "level": "INFO", "service": "gis_cities-direct", "env": "dev", "logger": "jug_gis_cities.application.jug_gis_cities", "request_id": "-", "msg": "Disposable GIS component worker shut down QGIS."}
{"ts": "2026-09-18T19:58:39", "level": "INFO", "service": "gis_cities-direct", "env": "dev", "logger": "jug_gis_cities.application.jug_gis_cities", "request_id": "-", "msg": "Running GIS city component callable with FSA. Component=mtl_fsa_gisoo Callable=output_cleanup.cleanup_outputs FSA=T1A"}
{"ts": "2026-09-18T19:58:39", "level": "INFO", "service": "gis_cities-direct", "env": "dev", "logger": "jug_gis_cities.mtl_fsa_gisoo.output_cleanup", "request_id": "-", "msg": "Cleaned Montreal FSA workflow outputs. FSA=T1A Deleted=32 Retained=['fsa_boundary', 'mtl_{fsa}_gisoo', 'mtl_{fsa}_gisoo_standardized', 'nrcan_fixed', 'roll', 'usage_fixed']"}
{"ts": "2026-09-18T19:58:39", "level": "INFO", "service": "gis_cities-direct", "env": "dev", "logger": "jug_gis_cities.application.jug_gis_cities", "request_id": "-", "msg": "Completed isolated GIS city component. Component=mtl_fsa_gisoo Mode=standardize FSA=T1A Cleaned=32 Elapsed=7.754s"}
{"ts": "2026-09-18T19:58:39", "level": "INFO", "service": "gis_cities-direct", "env": "dev", "logger": "jug_gis_cities.application.fsa_batch_runner", "request_id": "-", "msg": "Completed FSA batch. Component=mtl_fsa_gisoo Count=1 Succeeded=1 Failed=0 Mode=standardize MaxWorkers=1 Elapsed=7.754s"}
{"ts": "2026-09-18T20:02:46", "level": "INFO", "service": "gis_cities-direct", "env": "dev", "logger": "citygisoo.scrub_layer_class", "request_id": "-", "msg": "Loaded layer mtl_fsa_gisoo_fsa_boundaries from D:/GIS/mtl_gisoo_fsa_data\\mock_data\\synthetic_fsa.gpkg."}
{"ts": "2026-09-18T20:02:46", "level": "INFO", "service": "gis_cities-direct", "env": "dev", "logger": "jug_gis_cities.application.fsa_batch_runner", "request_id": "-", "msg": "Starting FSA batch. Component=mtl_fsa_gisoo Count=2 Mode=standardize MaxWorkers=2"}
{"ts": "2026-09-18T20:02:53", "level": "INFO", "service": "gis_cities-direct", "env": "dev", "logger": "jug_gis_cities.application.fsa_batch_runner", "request_id": "-", "msg": "Completed FSA batch. Component=mtl_fsa_gisoo Count=2 Succeeded=2 Failed=0 Mode=standardize MaxWorkers=2 Elapsed=6.615s"}
{"ts": "2026-09-21T14:21:31", "level": "INFO", "service": "gis_cities-direct", "env": "dev", "logger": "citygisoo.scrub_layer_class", "request_id": "-", "msg": "Loaded layer mtl_fsa_gisoo_fsa_boundaries from D:/GIS/mtl_gisoo_fsa_data\\mock_data\\synthetic_fsa.gpkg."}
{"ts": "2026-09-21T14:21:31", "level": "INFO", "service": "gis_cities-direct", "env": "dev", "logger": "jug_gis_cities.application.fsa_batch_runner", "request_id": "-", "msg": "Starting FSA batch. Component=mtl_fsa_gisoo Count=2 Mode=standardize MaxWorkers=2"}
{"ts": "2026-09-21T14:21:39", "level": "INFO", "service": "gis_cities-direct", "env": "dev", "logger": "jug_gis_cities.application.fsa_batch_runner", "request_id": "-", "msg": "Completed FSA batch. Component=mtl_fsa_gisoo Count=2 Succeeded=2 Failed=0 Mode=standardize MaxWorkers=2 Elapsed=7.722s"}
